Archive member included to satisfy reference by file (symbol)

C:/ProgramData/MATLAB/SupportPackages/R2024b/3P.instrset/gnuarm-armcortex.instrset/win/bin/../lib/gcc/arm-none-eabi/13.2.1/thumb/v7e-m+fp/hard\libm.a(libm_a-w_fmod.o)
                              Progetto_Gruppo21_IZ.o (fmod)
C:/ProgramData/MATLAB/SupportPackages/R2024b/3P.instrset/gnuarm-armcortex.instrset/win/bin/../lib/gcc/arm-none-eabi/13.2.1/thumb/v7e-m+fp/hard\libm.a(libm_a-s_ceil.o)
                              Progetto_Gruppo21_IZ.o (ceil)
C:/ProgramData/MATLAB/SupportPackages/R2024b/3P.instrset/gnuarm-armcortex.instrset/win/bin/../lib/gcc/arm-none-eabi/13.2.1/thumb/v7e-m+fp/hard\libm.a(libm_a-s_floor.o)
                              Progetto_Gruppo21_IZ.o (floor)
C:/ProgramData/MATLAB/SupportPackages/R2024b/3P.instrset/gnuarm-armcortex.instrset/win/bin/../lib/gcc/arm-none-eabi/13.2.1/thumb/v7e-m+fp/hard\libm.a(libm_a-e_fmod.o)
                              C:/ProgramData/MATLAB/SupportPackages/R2024b/3P.instrset/gnuarm-armcortex.instrset/win/bin/../lib/gcc/arm-none-eabi/13.2.1/thumb/v7e-m+fp/hard\libm.a(libm_a-w_fmod.o) (__ieee754_fmod)
C:/ProgramData/MATLAB/SupportPackages/R2024b/3P.instrset/gnuarm-armcortex.instrset/win/bin/../lib/gcc/arm-none-eabi/13.2.1/thumb/v7e-m+fp/hard\libgcc.a(_arm_muldf3.o)
                              Progetto_Gruppo21_IZ.o (__aeabi_dmul)
C:/ProgramData/MATLAB/SupportPackages/R2024b/3P.instrset/gnuarm-armcortex.instrset/win/bin/../lib/gcc/arm-none-eabi/13.2.1/thumb/v7e-m+fp/hard\libgcc.a(_arm_addsubdf3.o)
                              Progetto_Gruppo21_IZ.o (__aeabi_dsub)
C:/ProgramData/MATLAB/SupportPackages/R2024b/3P.instrset/gnuarm-armcortex.instrset/win/bin/../lib/gcc/arm-none-eabi/13.2.1/thumb/v7e-m+fp/hard\libgcc.a(_arm_muldivdf3.o)
                              Progetto_Gruppo21_IZ.o (__aeabi_ddiv)
C:/ProgramData/MATLAB/SupportPackages/R2024b/3P.instrset/gnuarm-armcortex.instrset/win/bin/../lib/gcc/arm-none-eabi/13.2.1/thumb/v7e-m+fp/hard\libgcc.a(_arm_cmpdf2.o)
                              Progetto_Gruppo21_IZ.o (__aeabi_dcmpeq)
C:/ProgramData/MATLAB/SupportPackages/R2024b/3P.instrset/gnuarm-armcortex.instrset/win/bin/../lib/gcc/arm-none-eabi/13.2.1/thumb/v7e-m+fp/hard\libgcc.a(_arm_unorddf2.o)
                              rt_nonfinite.o (__aeabi_dcmpun)
C:/ProgramData/MATLAB/SupportPackages/R2024b/3P.instrset/gnuarm-armcortex.instrset/win/bin/../lib/gcc/arm-none-eabi/13.2.1/thumb/v7e-m+fp/hard\libgcc.a(_arm_fixdfsi.o)
                              Progetto_Gruppo21_IZ.o (__aeabi_d2iz)
C:/ProgramData/MATLAB/SupportPackages/R2024b/3P.instrset/gnuarm-armcortex.instrset/win/bin/../lib/gcc/arm-none-eabi/13.2.1/thumb/v7e-m+fp/hard\libgcc.a(_arm_fixunsdfsi.o)
                              Progetto_Gruppo21_IZ.o (__aeabi_d2uiz)
C:/ProgramData/MATLAB/SupportPackages/R2024b/3P.instrset/gnuarm-armcortex.instrset/win/bin/../lib/gcc/arm-none-eabi/13.2.1/thumb/v7e-m+fp/hard\libgcc.a(_aeabi_uldivmod.o)
                              stm32g4xx_ll_lpuart.o (__aeabi_uldivmod)
C:/ProgramData/MATLAB/SupportPackages/R2024b/3P.instrset/gnuarm-armcortex.instrset/win/bin/../lib/gcc/arm-none-eabi/13.2.1/thumb/v7e-m+fp/hard\libgcc.a(_udivmoddi4.o)
                              C:/ProgramData/MATLAB/SupportPackages/R2024b/3P.instrset/gnuarm-armcortex.instrset/win/bin/../lib/gcc/arm-none-eabi/13.2.1/thumb/v7e-m+fp/hard\libgcc.a(_aeabi_uldivmod.o) (__udivmoddi4)
C:/ProgramData/MATLAB/SupportPackages/R2024b/3P.instrset/gnuarm-armcortex.instrset/win/bin/../lib/gcc/arm-none-eabi/13.2.1/thumb/v7e-m+fp/hard\libgcc.a(_dvmd_tls.o)
                              C:/ProgramData/MATLAB/SupportPackages/R2024b/3P.instrset/gnuarm-armcortex.instrset/win/bin/../lib/gcc/arm-none-eabi/13.2.1/thumb/v7e-m+fp/hard\libgcc.a(_aeabi_uldivmod.o) (__aeabi_ldiv0)
C:/ProgramData/MATLAB/SupportPackages/R2024b/3P.instrset/gnuarm-armcortex.instrset/win/bin/../lib/gcc/arm-none-eabi/13.2.1/thumb/v7e-m+fp/hard\libc_nano.a(libc_a-exit.o)
                              C:/ProgramData/MATLAB/SupportPackages/R2024b/3P.instrset/gnuarm-armcortex.instrset/win/bin/../lib/gcc/arm-none-eabi/13.2.1/thumb/v7e-m+fp/hard/crt0.o (exit)
C:/ProgramData/MATLAB/SupportPackages/R2024b/3P.instrset/gnuarm-armcortex.instrset/win/bin/../lib/gcc/arm-none-eabi/13.2.1/thumb/v7e-m+fp/hard\libc_nano.a(libc_a-malloc.o)
                              Progetto_Gruppo21_IZ.o (malloc)
C:/ProgramData/MATLAB/SupportPackages/R2024b/3P.instrset/gnuarm-armcortex.instrset/win/bin/../lib/gcc/arm-none-eabi/13.2.1/thumb/v7e-m+fp/hard\libc_nano.a(libc_a-mallocr.o)
                              C:/ProgramData/MATLAB/SupportPackages/R2024b/3P.instrset/gnuarm-armcortex.instrset/win/bin/../lib/gcc/arm-none-eabi/13.2.1/thumb/v7e-m+fp/hard\libc_nano.a(libc_a-malloc.o) (_malloc_r)
C:/ProgramData/MATLAB/SupportPackages/R2024b/3P.instrset/gnuarm-armcortex.instrset/win/bin/../lib/gcc/arm-none-eabi/13.2.1/thumb/v7e-m+fp/hard\libc_nano.a(libc_a-mlock.o)
[...]
Memory Configuration

Name             Origin             Length             Attributes
RAM              0x20000000         0x00020000         xrw
FLASH            0x08000000         0x00080000         xr
*default*        0x00000000         0xffffffff

Linker script and memory map

LOAD C:/ProgramData/MATLAB/SupportPackages/R2024b/3P.instrset/gnuarm-armcortex.instrset/win/bin/../lib/gcc/arm-none-eabi/13.2.1/thumb/v7e-m+fp/hard/crti.o
LOAD C:/ProgramData/MATLAB/SupportPackages/R2024b/3P.instrset/gnuarm-armcortex.instrset/win/bin/../lib/gcc/arm-none-eabi/13.2.1/thumb/v7e-m+fp/hard/crtbegin.o
LOAD C:/ProgramData/MATLAB/SupportPackages/R2024b/3P.instrset/gnuarm-armcortex.instrset/win/bin/../lib/gcc/arm-none-eabi/13.2.1/thumb/v7e-m+fp/hard/crt0.o
LOAD stm_timer_ll.o
LOAD stm_usart.o
LOAD stm_lpuart.o
LOAD Progetto_Gruppo21_IZ.o
LOAD ert_main.o
LOAD rtGetNaN.o
LOAD rt_nonfinite.o
LOAD rt_zcfcn.o
LOAD overrideHALDelay.o
LOAD platform_timer.o
LOAD SysTickScheduler.o
LOAD m3m4m4f_multitasking.o
LOAD main.o
LOAD stm32g4xx_it.o
LOAD stm32g4xx_hal_msp.o
LOAD stm32g4xx_hal_timebase_tim.o
LOAD stm32g4xx_ll_utils.o
LOAD stm32g4xx_ll_exti.o
LOAD stm32g4xx_ll_gpio.o
LOAD stm32g4xx_ll_dma.o
LOAD stm32g4xx_ll_lpuart.o
LOAD stm32g4xx_ll_rcc.o
LOAD stm32g4xx_hal.o
LOAD stm32g4xx_hal_rcc.o
LOAD stm32g4xx_hal_rcc_ex.o
LOAD stm32g4xx_hal_flash.o
LOAD stm32g4xx_hal_flash_ex.o
LOAD stm32g4xx_hal_flash_ramfunc.o
LOAD stm32g4xx_hal_gpio.o
LOAD stm32g4xx_hal_exti.o
LOAD stm32g4xx_hal_dma.o
LOAD stm32g4xx_hal_dma_ex.o
LOAD stm32g4xx_hal_pwr.o
LOAD stm32g4xx_hal_pwr_ex.o
LOAD stm32g4xx_hal_cortex.o
LOAD stm32g4xx_hal_tim.o
LOAD stm32g4xx_hal_tim_ex.o
LOAD stm32g4xx_ll_tim.o
LOAD system_stm32g4xx.o
LOAD syscalls.o
LOAD sysmem.o
LOAD startup_stm32g474retx.o
LOAD C:/ProgramData/MATLAB/SupportPackages/R2024b/3P.instrset/cmsis_dsp.instrset/Lib/GCC/arm_cortexm4ldfsp_math/libCMSISDSP.a
LOAD C:/ProgramData/MATLAB/SupportPackages/R2024b/toolbox/shared/supportpackages/stm32/lib/GCC/libmw_pdmfilter_m4_spfp.lib
LOAD C:/ProgramData/MATLAB/SupportPackages/R2024b/3P.instrset/gnuarm-armcortex.instrset/win/bin/../lib/gcc/arm-none-eabi/13.2.1/thumb/v7e-m+fp/hard\libstdc++_nano.a
LOAD C:/ProgramData/MATLAB/SupportPackages/R2024b/3P.instrset/gnuarm-armcortex.instrset/win/bin/../lib/gcc/arm-none-eabi/13.2.1/thumb/v7e-m+fp/hard\libm.a
START GROUP
LOAD C:/ProgramData/MATLAB/SupportPackages/R2024b/3P.instrset/gnuarm-armcortex.instrset/win/bin/../lib/gcc/arm-none-eabi/13.2.1/thumb/v7e-m+fp/hard\libgcc.a
LOAD C:/ProgramData/MATLAB/SupportPackages/R2024b/3P.instrset/gnuarm-armcortex.instrset/win/bin/../lib/gcc/arm-none-eabi/13.2.1/thumb/v7e-m+fp/hard\libc_nano.a
END GROUP
START GROUP
LOAD C:/ProgramData/MATLAB/SupportPackages/R2024b/3P.instrset/gnuarm-armcortex.instrset/win/bin/../lib/gcc/arm-none-eabi/13.2.1/thumb/v7e-m+fp/hard\libgcc.a
LOAD C:/ProgramData/MATLAB/SupportPackages/R2024b/3P.instrset/gnuarm-armcortex.instrset/win/bin/../lib/gcc/arm-none-eabi/13.2.1/thumb/v7e-m+fp/hard\libc_nano.a
LOAD C:/ProgramData/MATLAB/SupportPackages/R2024b/3P.instrset/gnuarm-armcortex.instrset/win/bin/../lib/gcc/arm-none-eabi/13.2.1/thumb/v7e-m+fp/hard\libnosys.a
END GROUP
START GROUP
LOAD C:/ProgramData/MATLAB/SupportPackages/R2024b/3P.instrset/gnuarm-armcortex.instrset/win/bin/../lib/gcc/arm-none-eabi/13.2.1/thumb/v7e-m+fp/hard\libgcc.a
LOAD C:/ProgramData/MATLAB/SupportPackages/R2024b/3P.instrset/gnuarm-armcortex.instrset/win/bin/../lib/gcc/arm-none-eabi/13.2.1/thumb/v7e-m+fp/hard\libc_nano.a
LOAD C:/ProgramData/MATLAB/SupportPackages/R2024b/3P.instrset/gnuarm-armcortex.instrset/win/bin/../lib/gcc/arm-none-eabi/13.2.1/thumb/v7e-m+fp/hard\libnosys.a
END GROUP
LOAD C:/ProgramData/MATLAB/SupportPackages/R2024b/3P.instrset/gnuarm-armcortex.instrset/win/bin/../lib/gcc/arm-none-eabi/13.2.1/thumb/v7e-m+fp/hard/crtend.o
LOAD C:/ProgramData/MATLAB/SupportPackages/R2024b/3P.instrset/gnuarm-armcortex.instrset/win/bin/../lib/gcc/arm-none-eabi/13.2.1/thumb/v7e-m+fp/hard/crtn.o
                0x20020000                        _estack = (ORIGIN (RAM) + LENGTH (RAM))
                0x00000200                        _Min_Heap_Size = 0x200
                0x00000400                        _Min_Stack_Size = 0x400

.isr_vector     0x08000000      0x1d8
                0x08000000                        . = ALIGN (0x4)
 *(.isr_vector)
 .isr_vector    0x08000000      0x1d8 startup_stm32g474retx.o
                0x08000000                g_pfnVectors
                0x080001d8                        . = ALIGN (0x4)

.text           0x080001d8     0xb7ac
                0x080001d8                        . = ALIGN (0x4)
 *(.text)
 .text          0x080001d8      0x378 C:/ProgramData/MATLAB/SupportPackages/R2024b/3P.instrset/gnuarm-armcortex.instrset/win/bin/../lib/gcc/arm-none-eabi/13.2.1/thumb/v7e-m+fp/hard\libgcc.a(_arm_addsubdf3.o)
                0x080001d8                __aeabi_drsub
                0x080001e0                __aeabi_dsub
                0x080001e0                __subdf3
                0x080001e4                __aeabi_dadd
                0x080001e4                __adddf3
                0x0800045c                __floatunsidf
                0x0800045c                __aeabi_ui2d
                0x0800047c                __floatsidf
                0x0800047c                __aeabi_i2d
                0x080004a0                __aeabi_f2d
                0x080004a0                __extendsfdf2
                0x080004e4                __floatundidf
                0x080004e4                __aeabi_ul2d
                0x080004f4                __floatdidf
                0x080004f4                __aeabi_l2d
 .text          0x08000550      0x424 C:/ProgramData/MATLAB/SupportPackages/R2024b/3P.instrset/gnuarm-armcortex.instrset/win/bin/../lib/gcc/arm-none-eabi/13.2.1/thumb/v7e-m+fp/hard\libgcc.a(_arm_muldivdf3.o)
                0x08000550                __aeabi_dmul
                0x08000550                __muldf3
                0x080007a4                __divdf3
                0x080007a4                __aeabi_ddiv
 .text          0x08000974      0x110 C:/ProgramData/MATLAB/SupportPackages/R2024b/3P.instrset/gnuarm-armcortex.instrset/win/bin/../lib/gcc/arm-none-eabi/13.2.1/thumb/v7e-m+fp/hard\libgcc.a(_arm_cmpdf2.o)
                0x08000974                __gtdf2
                0x08000974                __gedf2
                0x0800097c                __ltdf2
                0x0800097c                __ledf2
                0x08000984                __nedf2
                0x08000984                __eqdf2
                0x08000984                __cmpdf2
                0x08000a00                __aeabi_cdrcmple
                0x08000a10                __aeabi_cdcmpeq
                0x08000a10                __aeabi_cdcmple
                0x08000a20                __aeabi_dcmpeq
                0x08000a34                __aeabi_dcmplt
                0x08000a48                __aeabi_dcmple
                0x08000a5c                __aeabi_dcmpge
                0x08000a70                __aeabi_dcmpgt
 .text          0x08000a84       0x2c C:/ProgramData/MATLAB/SupportPackages/R2024b/3P.instrset/gnuarm-armcortex.instrset/win/bin/../lib/gcc/arm-none-eabi/13.2.1/thumb/v7e-m+fp/hard\libgcc.a(_arm_unorddf2.o)
                0x08000a84                __unorddf2
                0x08000a84                __aeabi_dcmpun
 .text          0x08000ab0       0x50 C:/ProgramData/MATLAB/SupportPackages/R2024b/3P.instrset/gnuarm-armcortex.instrset/win/bin/../lib/gcc/arm-none-eabi/13.2.1/thumb/v7e-m+fp/hard\libgcc.a(_arm_fixdfsi.o)
                0x08000ab0                __aeabi_d2iz
                0x08000ab0                __fixdfsi
 .text          0x08000b00       0x40 C:/ProgramData/MATLAB/SupportPackages/R2024b/3P.instrset/gnuarm-armcortex.instrset/win/bin/../lib/gcc/arm-none-eabi/13.2.1/thumb/v7e-m+fp/hard\libgcc.a(_arm_fixunsdfsi.o)
                0x08000b00                __aeabi_d2uiz
                0x08000b00                __fixunsdfsi
 .text          0x08000b40       0x30 C:/ProgramData/MATLAB/SupportPackages/R2024b/3P.instrset/gnuarm-armcortex.instrset/win/bin/../lib/gcc/arm-none-eabi/13.2.1/thumb/v7e-m+fp/hard\libgcc.a(_aeabi_uldivmod.o)
                0x08000b40                __aeabi_uldivmod
 .text          0x08000b70        0x4 C:/ProgramData/MATLAB/SupportPackages/R2024b/3P.instrset/gnuarm-armcortex.instrset/win/bin/../lib/gcc/arm-none-eabi/13.2.1/thumb/v7e-m+fp/hard\libgcc.a(_dvmd_tls.o)
                0x08000b70                __aeabi_idiv0
                0x08000b70                __aeabi_ldiv0
 .text          0x08000b74       0x10 C:/ProgramData/MATLAB/SupportPackages/R2024b/3P.instrset/gnuarm-armcortex.instrset/win/bin/../lib/gcc/arm-none-eabi/13.2.1/thumb/v7e-m+fp/hard\libc_nano.a(libc_a-strlen.o)
                0x08000b74                strlen
 *(.text*)
 .text.deregister_tm_clones
                0x08000b84       0x1c C:/ProgramData/MATLAB/SupportPackages/R2024b/3P.instrset/gnuarm-armcortex.instrset/win/bin/../lib/gcc/arm-none-eabi/13.2.1/thumb/v7e-m+fp/hard/crtbegin.o
 .text.register_tm_clones
                0x08000ba0       0x24 C:/ProgramData/MATLAB/SupportPackages/R2024b/3P.instrset/gnuarm-armcortex.instrset/win/bin/../lib/gcc/arm-none-eabi/13.2.1/thumb/v7e-m+fp/hard/crtbegin.o
 .text.__do_global_dtors_aux
                0x08000bc4       0x28 C:/ProgramData/MATLAB/SupportPackages/R2024b/3P.instrset/gnuarm-armcortex.instrset/win/bin/../lib/gcc/arm-none-eabi/13.2.1/thumb/v7e-m+fp/hard/crtbegin.o
 .text.frame_dummy
                0x08000bec       0x24 C:/ProgramData/MATLAB/SupportPackages/R2024b/3P.instrset/gnuarm-armcortex.instrset/win/bin/../lib/gcc/arm-none-eabi/13.2.1/thumb/v7e-m+fp/hard/crtbegin.o
 .text.LL_TIM_GetCounterMode
                0x08000c10       0x30 stm_timer_ll.o
 .text.LL_TIM_GetRepetitionCounter
                0x08000c40       0x18 stm_timer_ll.o
 .text.LL_TIM_CC_EnableChannel
                0x08000c58       0x22 stm_timer_ll.o
 .text.LL_TIM_CC_DisableChannel
                0x08000c7a       0x24 stm_timer_ll.o
 .text.LL_TIM_EnableAllOutputs
                0x08000c9e       0x20 stm_timer_ll.o
 .text.LL_TIM_EnableIT_UPDATE
                0x08000cbe       0x20 stm_timer_ll.o
 .text.LL_TIM_DisableIT_UPDATE
                0x08000cde       0x20 stm_timer_ll.o
 .text.LL_TIM_IsEnabledIT_UPDATE
                0x08000cfe       0x26 stm_timer_ll.o
 .text.LL_TIM_EnableIT_CC1
                0x08000d24       0x20 stm_timer_ll.o
 .text.LL_TIM_DisableIT_CC1
                0x08000d44       0x20 stm_timer_ll.o
 .text.LL_TIM_IsEnabledIT_CC1
                0x08000d64       0x26 stm_timer_ll.o
 .text.LL_TIM_EnableIT_CC2
                0x08000d8a       0x20 stm_timer_ll.o
 .text.LL_TIM_DisableIT_CC2
                0x08000daa       0x20 stm_timer_ll.o
 .text.LL_TIM_IsEnabledIT_CC2
                0x08000dca       0x26 stm_timer_ll.o
 .text.LL_TIM_EnableIT_CC3
                0x08000df0       0x20 stm_timer_ll.o
 .text.LL_TIM_DisableIT_CC3
                0x08000e10       0x20 stm_timer_ll.o
 .text.LL_TIM_IsEnabledIT_CC3
                0x08000e30       0x26 stm_timer_ll.o
 .text.LL_TIM_EnableIT_CC4
                0x08000e56       0x20 stm_timer_ll.o
 .text.LL_TIM_DisableIT_CC4
                0x08000e76       0x20 stm_timer_ll.o
 .text.LL_TIM_IsEnabledIT_CC4
                0x08000e96       0x26 stm_timer_ll.o
 .text.LL_TIM_EnableIT_COM
                0x08000ebc       0x20 stm_timer_ll.o
 .text.LL_TIM_DisableIT_COM
                0x08000edc       0x20 stm_timer_ll.o
 .text.LL_TIM_IsEnabledIT_COM
                0x08000efc       0x26 stm_timer_ll.o
 .text.LL_TIM_EnableIT_TRIG
                0x08000f22       0x20 stm_timer_ll.o
 .text.LL_TIM_DisableIT_TRIG
                0x08000f42       0x20 stm_timer_ll.o
 .text.LL_TIM_IsEnabledIT_TRIG
                0x08000f62       0x26 stm_timer_ll.o
 .text.LL_TIM_EnableIT_BRK
                0x08000f88       0x20 stm_timer_ll.o
 .text.LL_TIM_DisableIT_BRK
                0x08000fa8       0x20 stm_timer_ll.o
 .text.LL_TIM_IsEnabledIT_BRK
                0x08000fc8       0x26 stm_timer_ll.o
 .text.LL_TIM_EnableIT_TERR
                0x08000fee       0x20 stm_timer_ll.o
 .text.LL_TIM_DisableIT_TERR
                0x0800100e       0x20 stm_timer_ll.o
 .text.LL_TIM_IsEnabledIT_TERR
                0x0800102e       0x28 stm_timer_ll.o
 .text.LL_TIM_EnableIT_IERR
                0x08001056       0x20 stm_timer_ll.o
 .text.LL_TIM_DisableIT_IERR
                0x08001076       0x20 stm_timer_ll.o
 .text.LL_TIM_IsEnabledIT_IERR
                0x08001096       0x28 stm_timer_ll.o
 .text.LL_TIM_EnableIT_DIR
                0x080010be       0x20 stm_timer_ll.o
 .text.LL_TIM_DisableIT_DIR
                0x080010de       0x20 stm_timer_ll.o
 .text.LL_TIM_IsEnabledIT_DIR
                0x080010fe       0x28 stm_timer_ll.o
 .text.LL_TIM_EnableIT_IDX
                0x08001126       0x20 stm_timer_ll.o
 .text.LL_TIM_DisableIT_IDX
                0x08001146       0x20 stm_timer_ll.o
 .text.LL_TIM_IsEnabledIT_IDX
                0x08001166       0x28 stm_timer_ll.o
 .text.enableTimerInterrupts
                0x0800118e      0x1c4 stm_timer_ll.o
                0x0800118e                enableTimerInterrupts
 .text.disableTimerInterrupts
                0x08001352      0x1c4 stm_timer_ll.o
                0x08001352                disableTimerInterrupts
 *fill*         0x08001516        0x2 
 .text.enableTimerChannel1
                0x08001518       0xb0 stm_timer_ll.o
                0x08001518                enableTimerChannel1
 .text.disableTimerChannel1
                0x080015c8       0xb0 stm_timer_ll.o
                0x080015c8                disableTimerChannel1
 .text.enableTimerChannel2
                0x08001678       0xb0 stm_timer_ll.o
                0x08001678                enableTimerChannel2
 .text.disableTimerChannel2
                0x08001728       0xb0 stm_timer_ll.o
                0x08001728                disableTimerChannel2
 .text.enableTimerChannel4
                0x080017d8       0xb8 stm_timer_ll.o
                0x080017d8                enableTimerChannel4
 .text.disableTimerChannel4
                0x08001890       0xb8 stm_timer_ll.o
                0x08001890                disableTimerChannel4
 .text.Timer_Handle_Init
                0x08001948      0x12c stm_timer_ll.o
                0x08001948                Timer_Handle_Init
 .text.checkFrequencyAndDutyCycleLimits
                0x08001a74       0x44 stm_timer_ll.o
                0x08001a74                checkFrequencyAndDutyCycleLimits
 .text.LL_DMA_GetDataLength
                0x08001ab8       0x30 stm_usart.o
 .text.checkIfTransmitBufferFull
                0x08001ae8       0x64 stm_usart.o
                0x08001ae8                checkIfTransmitBufferFull
 .text.copyToTransmitBuffer
                0x08001b4c       0xf4 stm_usart.o
                0x08001b4c                copyToTransmitBuffer
 .text.getAvailableDataInBuffer
                0x08001c40       0xcc stm_usart.o
                0x08001c40                getAvailableDataInBuffer
 .text.getBytesToBeReadFromBuffer
                0x08001d0c       0x6e stm_usart.o
                0x08001d0c                getBytesToBeReadFromBuffer
 *fill*         0x08001d7a        0x2 
 .text.readDataFromBuffer
                0x08001d7c       0xdc stm_usart.o
                0x08001d7c                readDataFromBuffer
 .text.__NVIC_GetPriorityGrouping
                0x08001e58       0x1c stm_lpuart.o
 .text.__NVIC_EnableIRQ
                0x08001e74       0x3c stm_lpuart.o
 .text.__NVIC_SetPriority
                0x08001eb0       0x54 stm_lpuart.o
 .text.NVIC_EncodePriority
                0x08001f04       0x66 stm_lpuart.o
 *fill*         0x08001f6a        0x2 
 .text.LL_DMA_EnableChannel
                0x08001f6c       0x44 stm_lpuart.o
 .text.LL_DMA_SetDataLength
                0x08001fb0       0x4c stm_lpuart.o
 .text.LL_DMA_ConfigAddresses
                0x08001ffc       0x7c stm_lpuart.o
 .text.LL_DMA_EnableIT_TC
                0x08002078       0x44 stm_lpuart.o
 .text.LL_DMA_DisableIT_TC
                0x080020bc       0x44 stm_lpuart.o
 .text.LL_LPUART_Enable
                0x08002100       0x20 stm_lpuart.o
 .text.LL_LPUART_Disable
                0x08002120       0x20 stm_lpuart.o
 .text.LL_LPUART_IsEnabled
                0x08002140       0x26 stm_lpuart.o
 .text.LL_LPUART_IsActiveFlag_PE
                0x08002166       0x26 stm_lpuart.o
 .text.LL_LPUART_IsActiveFlag_FE
                0x0800218c       0x26 stm_lpuart.o
 .text.LL_LPUART_IsActiveFlag_NE
                0x080021b2       0x26 stm_lpuart.o
 .text.LL_LPUART_IsActiveFlag_ORE
                0x080021d8       0x26 stm_lpuart.o
 .text.LL_LPUART_IsActiveFlag_RXNE_RXFNE
                0x080021fe       0x26 stm_lpuart.o
 .text.LL_LPUART_IsActiveFlag_TXE_TXFNF
                0x08002224       0x26 stm_lpuart.o
 .text.LL_LPUART_ClearFlag_PE
                0x0800224a       0x1a stm_lpuart.o
 .text.LL_LPUART_ClearFlag_FE
                0x08002264       0x1a stm_lpuart.o
 .text.LL_LPUART_ClearFlag_NE
                0x0800227e       0x1a stm_lpuart.o
 .text.LL_LPUART_ClearFlag_ORE
                0x08002298       0x1a stm_lpuart.o
 .text.LL_LPUART_EnableIT_RXNE_RXFNE
                0x080022b2       0x42 stm_lpuart.o
 .text.LL_LPUART_EnableIT_TXE_TXFNF
                0x080022f4       0x42 stm_lpuart.o
 .text.LL_LPUART_EnableIT_PE
                0x08002336       0x42 stm_lpuart.o
 .text.LL_LPUART_EnableIT_ERROR
                0x08002378       0x46 stm_lpuart.o
 .text.LL_LPUART_DisableIT_RXNE_RXFNE
                0x080023be       0x42 stm_lpuart.o
 .text.LL_LPUART_DisableIT_TXE_TXFNF
                0x08002400       0x42 stm_lpuart.o
 .text.LL_LPUART_DisableIT_PE
                0x08002442       0x42 stm_lpuart.o
 .text.LL_LPUART_DisableIT_ERROR
                0x08002484       0x46 stm_lpuart.o
 .text.LL_LPUART_EnableDMAReq_RX
                0x080024ca       0x46 stm_lpuart.o
 .text.LL_LPUART_DisableDMAReq_RX
                0x08002510       0x46 stm_lpuart.o
 .text.LL_LPUART_EnableDMAReq_TX
                0x08002556       0x46 stm_lpuart.o
 .text.LL_LPUART_DisableDMAReq_TX
                0x0800259c       0x46 stm_lpuart.o
 .text.LL_LPUART_DMA_GetRegAddr
                0x080025e2       0x2c stm_lpuart.o
 .text.LL_LPUART_ReceiveData8
                0x0800260e       0x1a stm_lpuart.o
 .text.LL_LPUART_TransmitData8
                0x08002628       0x1e stm_lpuart.o
 .text.LPUART_IsActiveFlagRXNE
                0x08002646       0xca stm_lpuart.o
                0x08002646                LPUART_IsActiveFlagRXNE
 .text.LPUART_IsActiveFlagError
                0x08002710       0xf4 stm_lpuart.o
                0x08002710                LPUART_IsActiveFlagError
 .text.LPUART_IsActiveFlagTXE
                0x08002804       0x7a stm_lpuart.o
                0x08002804                LPUART_IsActiveFlagTXE
 *fill*         0x0800287e        0x2 
 .text.LPUART1_IRQHandler
                0x08002880       0x18 stm_lpuart.o
                0x08002880                LPUART1_IRQHandler
 .text.LPUART_ConfigureReceiveDMA
                0x08002898       0xae stm_lpuart.o
                0x08002898                LPUART_ConfigureReceiveDMA
 .text.LPUART_ConfigureTransmitDMA
                0x08002946       0x7a stm_lpuart.o
                0x08002946                LPUART_ConfigureTransmitDMA
 .text.MW_LPUART_GetReadErrorStatus
                0x080029c0       0xc8 stm_lpuart.o
                0x080029c0                MW_LPUART_GetReadErrorStatus
 .text.MW_LPUART_Initialize
                0x08002a88      0x170 stm_lpuart.o
                0x08002a88                MW_LPUART_Initialize
 .text.MW_LPUART_ReceiveUsingBuffer
                0x08002bf8       0x5c stm_lpuart.o
                0x08002bf8                MW_LPUART_ReceiveUsingBuffer
 .text.MW_LPUART_TransmitUsingInterrupt
                0x08002c54       0xd4 stm_lpuart.o
                0x08002c54                MW_LPUART_TransmitUsingInterrupt
 .text.MW_LPUART_DeInit
                0x08002d28       0xaa stm_lpuart.o
                0x08002d28                MW_LPUART_DeInit
 .text.LL_TIM_EnableCounter
                0x08002dd2       0x20 Progetto_Gruppo21_IZ.o
 .text.LL_TIM_DisableCounter
                0x08002df2       0x20 Progetto_Gruppo21_IZ.o
 .text.LL_TIM_SetUpdateSource
                0x08002e12       0x26 Progetto_Gruppo21_IZ.o
 .text.LL_TIM_GetUpdateSource
                0x08002e38       0x1c Progetto_Gruppo21_IZ.o
 .text.LL_TIM_SetRepetitionCounter
                0x08002e54       0x1c Progetto_Gruppo21_IZ.o
 .text.LL_TIM_OC_SetCompareCH1
                0x08002e70       0x1c Progetto_Gruppo21_IZ.o
 .text.LL_TIM_OC_SetCompareCH2
                0x08002e8c       0x1c Progetto_Gruppo21_IZ.o
 .text.LL_TIM_OC_SetCompareCH4
                0x08002ea8       0x1c Progetto_Gruppo21_IZ.o
 .text.LL_TIM_OC_GetCompareCH1
                0x08002ec4       0x18 Progetto_Gruppo21_IZ.o
 .text.LL_TIM_OC_GetCompareCH2
                0x08002edc       0x18 Progetto_Gruppo21_IZ.o
 .text.LL_TIM_OC_GetCompareCH4
                0x08002ef4       0x18 Progetto_Gruppo21_IZ.o
 .text.LL_TIM_GenerateEvent_UPDATE
                0x08002f0c       0x20 Progetto_Gruppo21_IZ.o
 .text.LL_GPIO_ReadInputPort
                0x08002f2c       0x18 Progetto_Gruppo21_IZ.o
 .text.LL_GPIO_SetOutputPin
                0x08002f44       0x1c Progetto_Gruppo21_IZ.o
 .text.LL_GPIO_ResetOutputPin
                0x08002f60       0x1c Progetto_Gruppo21_IZ.o
 .text.setDutyCycleChannel1
                0x08002f7c       0x30 Progetto_Gruppo21_IZ.o
 .text.setDutyCycleChannel2
                0x08002fac       0x30 Progetto_Gruppo21_IZ.o
 .text.setDutyCycleChannel4
                0x08002fdc       0x30 Progetto_Gruppo21_IZ.o
 .text.isSlaveTriggerModeEnabled
                0x0800300c       0x30 Progetto_Gruppo21_IZ.o
 .text.enableCounter
                0x0800303c      0x118 Progetto_Gruppo21_IZ.o
 .text.disableCounter
                0x08003154       0x1a Progetto_Gruppo21_IZ.o
 .text.Progetto_Gruppo2_emxInit_char_T
                0x0800316e       0x74 Progetto_Gruppo21_IZ.o
 .text.Proget_emxEnsureCapacity_char_T
                0x080031e2       0xca Progetto_Gruppo21_IZ.o
 .text.Progetto_Gruppo2_emxFree_char_T
                0x080032ac       0x54 Progetto_Gruppo21_IZ.o
 .text.Prog_convertitoreDoubleToString
                0x08003300      0x4cc Progetto_Gruppo21_IZ.o
 .text.Progetto__msgAggiornamentoStato
                0x080037cc      0x4ec Progetto_Gruppo21_IZ.o
 .text.Progetto_Gru_rangeRiscaldamento
                0x08003cb8      0x16c Progetto_Gruppo21_IZ.o
 .text.enter_internal_Stato_Operativo
                0x08003e24      0x168 Progetto_Gruppo21_IZ.o
 .text.enter_internal_Stato_di_configu
                0x08003f8c       0xb0 Progetto_Gruppo21_IZ.o
 .text.Progetto_Gruppo21_IZ_string_ge
                0x0800403c       0x8c Progetto_Gruppo21_IZ.o
 .text.Progetto_Gruppo21_IZ_string_le
                0x080040c8       0x8c Progetto_Gruppo21_IZ.o
 .text.enter_atomic_Buffer_temporizzaz
                0x08004154      0x27c Progetto_Gruppo21_IZ.o
 .text.Prog_checkValoreTemporizzazione
                0x080043d0      0x1a4 Progetto_Gruppo21_IZ.o
 .text.Progetto_Gruppo21__convertitore
                0x08004574      0x174 Progetto_Gruppo21_IZ.o
 .text.Progetto_Gruppo_Accensione_luci
                0x080046e8      0xa64 Progetto_Gruppo21_IZ.o
 *fill*         0x0800514c        0x4 
 .text.Proget_checkValoreRiscaldamento
                0x08005150      0x19c Progetto_Gruppo21_IZ.o
 *fill*         0x080052ec        0x4 
 .text.Progetto_G_checkValoreVeneziane
                0x080052f0      0x180 Progetto_Gruppo21_IZ.o
 .text.Progetto__Regolazione_veneziane
                0x08005470      0x678 Progetto_Gruppo21_IZ.o
 .text.Stampa_messaggio_configurazione
                0x08005ae8      0x650 Progetto_Gruppo21_IZ.o
 .text.exit_internal_Stato_di_configur
                0x08006138      0x150 Progetto_Gruppo21_IZ.o
 .text.Progetto_Gruppo2_Gestore_logica
                0x08006288      0xa0c Progetto_Gruppo21_IZ.o
 .text.enter_internal_Gestore_pulsante
                0x08006c94       0xb0 Progetto_Gruppo21_IZ.o
 .text.rt_roundd_snf
                0x08006d44       0xe0 Progetto_Gruppo21_IZ.o
                0x08006d44                rt_roundd_snf
 .text.Progetto_Grupp_SystemCore_setup
                0x08006e24       0x58 Progetto_Gruppo21_IZ.o
 .text.Progetto_Gr_UARTWrite_setupImpl
                0x08006e7c       0x44 Progetto_Gruppo21_IZ.o
 .text.Progetto_Gr_PWMOutput_setupImpl
                0x08006ec0       0x84 Progetto_Gruppo21_IZ.o
 .text.Progetto__PWMOutput_setupImpl_o
                0x08006f44       0x6c Progetto_Gruppo21_IZ.o
 .text.Progetto_Gruppo21_IZ_step
                0x08006fb0      0xae0 Progetto_Gruppo21_IZ.o
                0x08006fb0                Progetto_Gruppo21_IZ_step
 .text.Progetto_Gruppo21_IZ_initialize
                0x08007a90      0x138 Progetto_Gruppo21_IZ.o
                0x08007a90                Progetto_Gruppo21_IZ_initialize
 .text.Progetto_Gruppo21_IZ_terminate
                0x08007bc8      0x120 Progetto_Gruppo21_IZ.o
                0x08007bc8                Progetto_Gruppo21_IZ_terminate
 .text.rt_OneStep
                0x08007ce8       0x4c ert_main.o
                0x08007ce8                rt_OneStep
 .text.main     0x08007d34       0xd4 ert_main.o
                0x08007d34                main
 .text.rtIsInf  0x08007e08       0x5c rt_nonfinite.o
                0x08007e08                rtIsInf
 .text.rtIsNaN  0x08007e64       0x2a rt_nonfinite.o
                0x08007e64                rtIsNaN
 *fill*         0x08007e8e        0x2 
 .text.rt_ZCFcn
                0x08007e90      0x124 rt_zcfcn.o
                0x08007e90                rt_ZCFcn
 .text.PeriphCommonClock_Config
                0x08007fb4       0x10 platform_timer.o
                0x08007fb4                PeriphCommonClock_Config
 .text.getCurrentTimestampInMicros
                0x08007fc4       0x3c platform_timer.o
                0x08007fc4                getCurrentTimestampInMicros
 .text.returnTimeElapsed
                0x08008000       0x2c platform_timer.o
                0x08008000                returnTimeElapsed
 .text.__NVIC_SetPriority
                0x0800802c       0x54 SysTickScheduler.o
 .text.SysTick_Config
                0x08008080       0x44 SysTickScheduler.o
 .text.SysTick_Isr
                0x080080c4       0x48 SysTickScheduler.o
 .text.SysTick_Handler
                0x0800810c       0x20 SysTickScheduler.o
                0x0800810c                SysTick_Handler
 .text.ARMCM_SysTick_Config
                0x0800812c       0xb0 SysTickScheduler.o
                0x0800812c                ARMCM_SysTick_Config
 .text.PendSV_Handler
                0x080081dc       0x44 m3m4m4f_multitasking.o
                0x080081dc                PendSV_Handler
 .text.SVC_Handler
                0x08008220       0x58 m3m4m4f_multitasking.o
                0x08008220                SVC_Handler
 .text.__NVIC_GetPriorityGrouping
                0x08008278       0x1c main.o
 .text.__NVIC_EnableIRQ
                0x08008294       0x3c main.o
 .text.__NVIC_SetPriority
                0x080082d0       0x54 main.o
 .text.NVIC_EncodePriority
                0x08008324       0x66 main.o
 *fill*         0x0800838a        0x2 
 .text.LL_DMA_SetDataTransferDirection
                0x0800838c       0x50 main.o
 .text.LL_DMA_SetMode
                0x080083dc       0x4c main.o
 .text.LL_DMA_SetPeriphIncMode
                0x08008428       0x4c main.o
 .text.LL_DMA_SetMemoryIncMode
                0x08008474       0x4c main.o
 .text.LL_DMA_SetPeriphSize
                0x080084c0       0x4c main.o
 .text.LL_DMA_SetMemorySize
                0x0800850c       0x4c main.o
 .text.LL_DMA_SetChannelPriorityLevel
                0x08008558       0x4c main.o
 .text.LL_DMA_SetPeriphRequest
                0x080085a4       0x54 main.o
 .text.LL_LPUART_Enable
                0x080085f8       0x20 main.o
 .text.LL_LPUART_DisableFIFO
                0x08008618       0x20 main.o
 .text.LL_LPUART_SetTXFIFOThreshold
                0x08008638       0x4e main.o
 .text.LL_LPUART_SetRXFIFOThreshold
                0x08008686       0x4e main.o
 .text.LL_LPUART_IsActiveFlag_TEACK
                0x080086d4       0x28 main.o
 .text.LL_LPUART_IsActiveFlag_REACK
                0x080086fc       0x28 main.o
 .text.LL_RCC_HSI_Enable
                0x08008724       0x20 main.o
 .text.LL_RCC_HSI_IsReady
                0x08008744       0x28 main.o
 .text.LL_RCC_HSI_SetCalibTrimming
                0x0800876c       0x2c main.o
 .text.LL_RCC_SetSysClkSource
                0x08008798       0x28 main.o
 .text.LL_RCC_GetSysClkSource
                0x080087c0       0x1c main.o
 .text.LL_RCC_SetAHBPrescaler
                0x080087dc       0x28 main.o
 .text.LL_RCC_SetAPB1Prescaler
                0x08008804       0x28 main.o
 .text.LL_RCC_SetAPB2Prescaler
                0x0800882c       0x28 main.o
 .text.LL_RCC_SetLPUARTClockSource
                0x08008854       0x2c main.o
 .text.LL_AHB1_GRP1_EnableClock
                0x08008880       0x30 main.o
 .text.LL_AHB2_GRP1_EnableClock
                0x080088b0       0x30 main.o
 .text.LL_APB1_GRP1_EnableClock
                0x080088e0       0x30 main.o
 .text.LL_APB1_GRP2_EnableClock
                0x08008910       0x30 main.o
 .text.LL_FLASH_SetLatency
                0x08008940       0x28 main.o
 .text.LL_FLASH_GetLatency
                0x08008968       0x1c main.o
 .text.LL_PWR_SetRegulVoltageScaling
                0x08008984       0x28 main.o
 .text.LL_TIM_DisableARRPreload
                0x080089ac       0x20 main.o
 .text.LL_TIM_OC_DisableFast
                0x080089cc       0xb0 main.o
 .text.LL_TIM_OC_EnablePreload
                0x08008a7c       0xac main.o
 .text.LL_TIM_SetTriggerOutput
                0x08008b28       0x2a main.o
 .text.LL_TIM_DisableMasterSlaveMode
                0x08008b52       0x20 main.o
 .text.LL_GPIO_ResetOutputPin
                0x08008b72       0x1c main.o
 *fill*         0x08008b8e        0x2 
 .text.SystemClock_Config
                0x08008b90       0x78 main.o
                0x08008b90                SystemClock_Config
 .text.MX_LPUART1_UART_Init
                0x08008c08      0x148 main.o
                0x08008c08                MX_LPUART1_UART_Init
 .text.MX_TIM3_Init
                0x08008d50      0x168 main.o
                0x08008d50                MX_TIM3_Init
 .text.MX_TIM4_Init
                0x08008eb8       0xd8 main.o
                0x08008eb8                MX_TIM4_Init
 .text.MX_DMA_Init
                0x08008f90       0x34 main.o
                0x08008f90                MX_DMA_Init
 .text.MX_GPIO_Init
                0x08008fc4       0xf0 main.o
                0x08008fc4                MX_GPIO_Init
 .text.HAL_TIM_PeriodElapsedCallback
                0x080090b4       0x1e main.o
                0x080090b4                HAL_TIM_PeriodElapsedCallback
 .text.Error_Handler
                0x080090d2        0xc main.o
                0x080090d2                Error_Handler
 .text.NMI_Handler
                0x080090de        0x8 stm32g4xx_it.o
                0x080090de                NMI_Handler
 .text.HardFault_Handler
                0x080090e6        0x8 stm32g4xx_it.o
                0x080090e6                HardFault_Handler
 .text.MemManage_Handler
                0x080090ee        0x8 stm32g4xx_it.o
                0x080090ee                MemManage_Handler
 .text.BusFault_Handler
                0x080090f6        0x8 stm32g4xx_it.o
                0x080090f6                BusFault_Handler
 .text.UsageFault_Handler
                0x080090fe        0x8 stm32g4xx_it.o
                0x080090fe                UsageFault_Handler
 .text.DebugMon_Handler
                0x08009106        0xe stm32g4xx_it.o
                0x08009106                DebugMon_Handler
 .text.DMA1_Channel1_IRQHandler
                0x08009114        0xe stm32g4xx_it.o
                0x08009114                DMA1_Channel1_IRQHandler
 *fill*         0x08009122        0x2 
 .text.TIM2_IRQHandler
                0x08009124       0x14 stm32g4xx_it.o
                0x08009124                TIM2_IRQHandler
 .text.HAL_MspInit
                0x08009138       0x48 stm32g4xx_hal_msp.o
                0x08009138                HAL_MspInit
 .text.HAL_InitTick
                0x08009180       0xe0 stm32g4xx_hal_timebase_tim.o
                0x08009180                HAL_InitTick
 .text.LL_SetSystemCoreClock
                0x08009260       0x20 stm32g4xx_ll_utils.o
                0x08009260                LL_SetSystemCoreClock
 .text.LL_GPIO_SetPinMode
                0x08009280       0x7a stm32g4xx_ll_gpio.o
 .text.LL_GPIO_SetPinOutputType
                0x080092fa       0x30 stm32g4xx_ll_gpio.o
 .text.LL_GPIO_SetPinSpeed
                0x0800932a       0x7a stm32g4xx_ll_gpio.o
 .text.LL_GPIO_SetPinPull
                0x080093a4       0x7a stm32g4xx_ll_gpio.o
 .text.LL_GPIO_SetAFPin_0_7
                0x0800941e       0x7a stm32g4xx_ll_gpio.o
 .text.LL_GPIO_SetAFPin_8_15
                0x08009498       0x7e stm32g4xx_ll_gpio.o
 .text.LL_GPIO_Init
                0x08009516       0xdc stm32g4xx_ll_gpio.o
                0x08009516                LL_GPIO_Init
 .text.LL_LPUART_IsEnabled
                0x080095f2       0x26 stm32g4xx_ll_lpuart.o
 .text.LL_LPUART_SetPrescaler
                0x08009618       0x28 stm32g4xx_ll_lpuart.o
 .text.LL_LPUART_SetStopBitsLength
                0x08009640       0x26 stm32g4xx_ll_lpuart.o
 .text.LL_LPUART_SetHWFlowCtrl
                0x08009666       0x26 stm32g4xx_ll_lpuart.o
 .text.LL_LPUART_SetBaudRate
                0x0800968c       0x98 stm32g4xx_ll_lpuart.o
 .text.LL_LPUART_Init
                0x08009724       0x98 stm32g4xx_ll_lpuart.o
                0x08009724                LL_LPUART_Init
 .text.LL_RCC_HSI_IsReady
                0x080097bc       0x28 stm32g4xx_ll_rcc.o
 .text.LL_RCC_LSE_IsReady
                0x080097e4       0x28 stm32g4xx_ll_rcc.o
 .text.LL_RCC_GetSysClkSource
                0x0800980c       0x1c stm32g4xx_ll_rcc.o
 .text.LL_RCC_GetAHBPrescaler
                0x08009828       0x1c stm32g4xx_ll_rcc.o
 .text.LL_RCC_GetAPB1Prescaler
                0x08009844       0x1c stm32g4xx_ll_rcc.o
 .text.LL_RCC_GetLPUARTClockSource
                0x08009860       0x24 stm32g4xx_ll_rcc.o
 .text.LL_RCC_PLL_GetMainSource
                0x08009884       0x1c stm32g4xx_ll_rcc.o
 .text.LL_RCC_PLL_GetN
                0x080098a0       0x1c stm32g4xx_ll_rcc.o
 .text.LL_RCC_PLL_GetR
                0x080098bc       0x1c stm32g4xx_ll_rcc.o
 .text.LL_RCC_PLL_GetDivider
                0x080098d8       0x1c stm32g4xx_ll_rcc.o
 .text.LL_RCC_GetLPUARTClockFreq
                0x080098f4       0x84 stm32g4xx_ll_rcc.o
                0x080098f4                LL_RCC_GetLPUARTClockFreq
 .text.RCC_GetSystemClockFreq
                0x08009978       0x4c stm32g4xx_ll_rcc.o
 .text.RCC_GetHCLKClockFreq
                0x080099c4       0x30 stm32g4xx_ll_rcc.o
 .text.RCC_GetPCLK1ClockFreq
                0x080099f4       0x2c stm32g4xx_ll_rcc.o
 .text.RCC_PLL_GetFreqDomain_SYS
                0x08009a20       0x68 stm32g4xx_ll_rcc.o
 .text.HAL_Init
                0x08009a88       0x30 stm32g4xx_hal.o
                0x08009a88                HAL_Init
 .text.HAL_IncTick
                0x08009ab8       0x24 stm32g4xx_hal.o
                0x08009ab8                HAL_IncTick
 .text.HAL_GetTick
                0x08009adc       0x18 stm32g4xx_hal.o
                0x08009adc                HAL_GetTick
 .text.HAL_RCC_GetHCLKFreq
                0x08009af4       0x18 stm32g4xx_hal_rcc.o
                0x08009af4                HAL_RCC_GetHCLKFreq
 .text.HAL_RCC_GetPCLK1Freq
                0x08009b0c       0x2c stm32g4xx_hal_rcc.o
                0x08009b0c                HAL_RCC_GetPCLK1Freq
 .text.HAL_RCC_GetClockConfig
                0x08009b38       0x64 stm32g4xx_hal_rcc.o
                0x08009b38                HAL_RCC_GetClockConfig
 .text.HAL_PWREx_DisableUCPDDeadBattery
                0x08009b9c       0x20 stm32g4xx_hal_pwr_ex.o
                0x08009b9c                HAL_PWREx_DisableUCPDDeadBattery
 .text.__NVIC_SetPriorityGrouping
                0x08009bbc       0x48 stm32g4xx_hal_cortex.o
 .text.__NVIC_GetPriorityGrouping
                0x08009c04       0x1c stm32g4xx_hal_cortex.o
 .text.__NVIC_EnableIRQ
                0x08009c20       0x3c stm32g4xx_hal_cortex.o
 .text.__NVIC_SetPriority
                0x08009c5c       0x54 stm32g4xx_hal_cortex.o
 .text.NVIC_EncodePriority
                0x08009cb0       0x66 stm32g4xx_hal_cortex.o
 .text.HAL_NVIC_SetPriorityGrouping
                0x08009d16       0x16 stm32g4xx_hal_cortex.o
                0x08009d16                HAL_NVIC_SetPriorityGrouping
 .text.HAL_NVIC_SetPriority
                0x08009d2c       0x34 stm32g4xx_hal_cortex.o
                0x08009d2c                HAL_NVIC_SetPriority
 .text.HAL_NVIC_EnableIRQ
                0x08009d60       0x1c stm32g4xx_hal_cortex.o
                0x08009d60                HAL_NVIC_EnableIRQ
 .text.HAL_TIM_Base_Init
                0x08009d7c       0xae stm32g4xx_hal_tim.o
                0x08009d7c                HAL_TIM_Base_Init
 .text.HAL_TIM_Base_MspInit
                0x08009e2a       0x14 stm32g4xx_hal_tim.o
                0x08009e2a                HAL_TIM_Base_MspInit
 *fill*         0x08009e3e        0x2 
 .text.HAL_TIM_Base_Start_IT
                0x08009e40       0xf0 stm32g4xx_hal_tim.o
                0x08009e40                HAL_TIM_Base_Start_IT
 .text.HAL_TIM_IRQHandler
                0x08009f30      0x2fe stm32g4xx_hal_tim.o
                0x08009f30                HAL_TIM_IRQHandler
 .text.HAL_TIM_OC_DelayElapsedCallback
                0x0800a22e       0x14 stm32g4xx_hal_tim.o
                0x0800a22e                HAL_TIM_OC_DelayElapsedCallback
 .text.HAL_TIM_IC_CaptureCallback
                0x0800a242       0x14 stm32g4xx_hal_tim.o
                0x0800a242                HAL_TIM_IC_CaptureCallback
 .text.HAL_TIM_PWM_PulseFinishedCallback
                0x0800a256       0x14 stm32g4xx_hal_tim.o
                0x0800a256                HAL_TIM_PWM_PulseFinishedCallback
 .text.HAL_TIM_TriggerCallback
                0x0800a26a       0x14 stm32g4xx_hal_tim.o
                0x0800a26a                HAL_TIM_TriggerCallback
 *fill*         0x0800a27e        0x2 
 .text.TIM_Base_SetConfig
                0x0800a280      0x150 stm32g4xx_hal_tim.o
                0x0800a280                TIM_Base_SetConfig
 .text.HAL_TIMEx_CommutCallback
                0x0800a3d0       0x14 stm32g4xx_hal_tim_ex.o
                0x0800a3d0                HAL_TIMEx_CommutCallback
 .text.HAL_TIMEx_BreakCallback
                0x0800a3e4       0x14 stm32g4xx_hal_tim_ex.o
                0x0800a3e4                HAL_TIMEx_BreakCallback
 .text.HAL_TIMEx_Break2Callback
                0x0800a3f8       0x14 stm32g4xx_hal_tim_ex.o
                0x0800a3f8                HAL_TIMEx_Break2Callback
 .text.HAL_TIMEx_EncoderIndexCallback
                0x0800a40c       0x14 stm32g4xx_hal_tim_ex.o
                0x0800a40c                HAL_TIMEx_EncoderIndexCallback
 .text.HAL_TIMEx_DirectionChangeCallback
                0x0800a420       0x14 stm32g4xx_hal_tim_ex.o
                0x0800a420                HAL_TIMEx_DirectionChangeCallback
 .text.HAL_TIMEx_IndexErrorCallback
                0x0800a434       0x14 stm32g4xx_hal_tim_ex.o
                0x0800a434                HAL_TIMEx_IndexErrorCallback
 .text.HAL_TIMEx_TransitionErrorCallback
                0x0800a448       0x14 stm32g4xx_hal_tim_ex.o
                0x0800a448                HAL_TIMEx_TransitionErrorCallback
 .text.LL_TIM_SetPrescaler
                0x0800a45c       0x1c stm32g4xx_ll_tim.o
 .text.LL_TIM_SetAutoReload
                0x0800a478       0x1c stm32g4xx_ll_tim.o
 .text.LL_TIM_SetRepetitionCounter
                0x0800a494       0x1c stm32g4xx_ll_tim.o
 .text.LL_TIM_OC_SetCompareCH1
                0x0800a4b0       0x1c stm32g4xx_ll_tim.o
 .text.LL_TIM_OC_SetCompareCH2
                0x0800a4cc       0x1c stm32g4xx_ll_tim.o
 .text.LL_TIM_OC_SetCompareCH3
                0x0800a4e8       0x1c stm32g4xx_ll_tim.o
 .text.LL_TIM_OC_SetCompareCH4
                0x0800a504       0x1c stm32g4xx_ll_tim.o
 .text.LL_TIM_OC_SetCompareCH5
                0x0800a520       0x20 stm32g4xx_ll_tim.o
 .text.LL_TIM_OC_SetCompareCH6
                0x0800a540       0x1c stm32g4xx_ll_tim.o
 .text.LL_TIM_GenerateEvent_UPDATE
                0x0800a55c       0x20 stm32g4xx_ll_tim.o
 .text.LL_TIM_Init
                0x0800a57c      0x144 stm32g4xx_ll_tim.o
                0x0800a57c                LL_TIM_Init
 .text.LL_TIM_OC_Init
                0x0800a6c0       0xbe stm32g4xx_ll_tim.o
                0x0800a6c0                LL_TIM_OC_Init
 *fill*         0x0800a77e        0x2 
 .text.OC1Config
                0x0800a780      0x10c stm32g4xx_ll_tim.o
 .text.OC2Config
                0x0800a88c      0x114 stm32g4xx_ll_tim.o
 .text.OC3Config
                0x0800a9a0      0x114 stm32g4xx_ll_tim.o
 .text.OC4Config
                0x0800aab4      0x114 stm32g4xx_ll_tim.o
 .text.OC5Config
                0x0800abc8       0xd4 stm32g4xx_ll_tim.o
 .text.OC6Config
                0x0800ac9c       0xd4 stm32g4xx_ll_tim.o
 .text.SystemInit
                0x0800ad70       0x24 system_stm32g4xx.o
                0x0800ad70                SystemInit
 .text._sbrk    0x0800ad94       0x6c sysmem.o
                0x0800ad94                _sbrk
 .text.Reset_Handler
                0x0800ae00       0x50 startup_stm32g474retx.o
                0x0800ae00                Reset_Handler
 .text.Default_Handler
                0x0800ae50        0x2 startup_stm32g474retx.o
                0x0800ae50                RTC_Alarm_IRQHandler
                0x0800ae50                EXTI2_IRQHandler
                0x0800ae50                TIM8_TRG_COM_IRQHandler
                0x0800ae50                TIM8_CC_IRQHandler
                0x0800ae50                HRTIM1_Master_IRQHandler
                0x0800ae50                SPI4_IRQHandler
                0x0800ae50                FDCAN3_IT0_IRQHandler
                0x0800ae50                TIM1_CC_IRQHandler
                0x0800ae50                HRTIM1_FLT_IRQHandler
                0x0800ae50                HRTIM1_TIMF_IRQHandler
                0x0800ae50                USB_HP_IRQHandler
                0x0800ae50                CORDIC_IRQHandler
                0x0800ae50                HRTIM1_TIMD_IRQHandler
                0x0800ae50                DMA2_Channel8_IRQHandler
                0x0800ae50                EXTI3_IRQHandler
                0x0800ae50                I2C3_ER_IRQHandler
                0x0800ae50                EXTI0_IRQHandler
                0x0800ae50                I2C2_EV_IRQHandler
                0x0800ae50                FPU_IRQHandler
                0x0800ae50                FDCAN1_IT1_IRQHandler
                0x0800ae50                TIM1_UP_TIM16_IRQHandler
                0x0800ae50                ADC1_2_IRQHandler
                0x0800ae50                HRTIM1_TIME_IRQHandler
                0x0800ae50                SPI1_IRQHandler
                0x0800ae50                TIM6_DAC_IRQHandler
                0x0800ae50                HRTIM1_TIMC_IRQHandler
                0x0800ae50                TIM8_UP_IRQHandler
                0x0800ae50                DMA2_Channel2_IRQHandler
                0x0800ae50                DMA1_Channel4_IRQHandler
                0x0800ae50                TIM20_TRG_COM_IRQHandler
                0x0800ae50                USART3_IRQHandler
                0x0800ae50                DMA1_Channel7_IRQHandler
                0x0800ae50                UART5_IRQHandler
                0x0800ae50                ADC3_IRQHandler
                0x0800ae50                TIM4_IRQHandler
                0x0800ae50                DMA2_Channel1_IRQHandler
                0x0800ae50                QUADSPI_IRQHandler
                0x0800ae50                I2C1_EV_IRQHandler
                0x0800ae50                DMA1_Channel6_IRQHandler
                0x0800ae50                UART4_IRQHandler
                0x0800ae50                DMA2_Channel4_IRQHandler
                0x0800ae50                TIM3_IRQHandler
                0x0800ae50                RCC_IRQHandler
                0x0800ae50                TIM20_UP_IRQHandler
                0x0800ae50                Default_Handler
                0x0800ae50                DMA2_Channel7_IRQHandler
                0x0800ae50                RTC_TAMP_LSECSS_IRQHandler
                0x0800ae50                FMAC_IRQHandler
                0x0800ae50                EXTI15_10_IRQHandler
                0x0800ae50                DMA1_Channel8_IRQHandler
                0x0800ae50                HRTIM1_TIMA_IRQHandler
                0x0800ae50                TIM7_DAC_IRQHandler
                0x0800ae50                FDCAN3_IT1_IRQHandler
                0x0800ae50                TIM5_IRQHandler
                0x0800ae50                UCPD1_IRQHandler
                0x0800ae50                I2C3_EV_IRQHandler
                0x0800ae50                EXTI9_5_IRQHandler
                0x0800ae50                RTC_WKUP_IRQHandler
                0x0800ae50                PVD_PVM_IRQHandler
                0x0800ae50                SPI2_IRQHandler
                0x0800ae50                ADC5_IRQHandler
                0x0800ae50                DMA2_Channel5_IRQHandler
                0x0800ae50                CRS_IRQHandler
                0x0800ae50                DMA1_Channel5_IRQHandler
                0x0800ae50                USB_LP_IRQHandler
                0x0800ae50                EXTI4_IRQHandler
                0x0800ae50                RNG_IRQHandler
                0x0800ae50                HRTIM1_TIMB_IRQHandler
                0x0800ae50                TIM1_TRG_COM_TIM17_IRQHandler
                0x0800ae50                FDCAN2_IT1_IRQHandler
                0x0800ae50                DMA1_Channel3_IRQHandler
                0x0800ae50                ADC4_IRQHandler
                0x0800ae50                WWDG_IRQHandler
                0x0800ae50                I2C4_EV_IRQHandler
                0x0800ae50                FDCAN2_IT0_IRQHandler
                0x0800ae50                DMA2_Channel6_IRQHandler
                0x0800ae50                FDCAN1_IT0_IRQHandler
                0x0800ae50                COMP7_IRQHandler
                0x0800ae50                COMP1_2_3_IRQHandler
                0x0800ae50                EXTI1_IRQHandler
                0x0800ae50                USART2_IRQHandler
                0x0800ae50                COMP4_5_6_IRQHandler
                0x0800ae50                TIM20_BRK_IRQHandler
                0x0800ae50                I2C2_ER_IRQHandler
                0x0800ae50                DMA1_Channel2_IRQHandler
                0x0800ae50                TIM8_BRK_IRQHandler
                0x0800ae50                FLASH_IRQHandler
                0x0800ae50                TIM20_CC_IRQHandler
                0x0800ae50                USART1_IRQHandler
                0x0800ae50                SPI3_IRQHandler
                0x0800ae50                I2C1_ER_IRQHandler
                0x0800ae50                FMC_IRQHandler
                0x0800ae50                LPTIM1_IRQHandler
                0x0800ae50                DMAMUX_OVR_IRQHandler
                0x0800ae50                I2C4_ER_IRQHandler
                0x0800ae50                USBWakeUp_IRQHandler
                0x0800ae50                SAI1_IRQHandler
                0x0800ae50                DMA2_Channel3_IRQHandler
                0x0800ae50                TIM1_BRK_TIM15_IRQHandler
 *fill*         0x0800ae52        0x2 
 .text.fmod     0x0800ae54       0x6c C:/ProgramData/MATLAB/SupportPackages/R2024b/3P.instrset/gnuarm-armcortex.instrset/win/bin/../lib/gcc/arm-none-eabi/13.2.1/thumb/v7e-m+fp/hard\libm.a(libm_a-w_fmod.o)
                0x0800ae54                fmod
 .text.ceil     0x0800aec0      0x100 C:/ProgramData/MATLAB/SupportPackages/R2024b/3P.instrset/gnuarm-armcortex.instrset/win/bin/../lib/gcc/arm-none-eabi/13.2.1/thumb/v7e-m+fp/hard\libm.a(libm_a-s_ceil.o)
                0x0800aec0                ceil
 .text.floor    0x0800afc0      0x108 C:/ProgramData/MATLAB/SupportPackages/R2024b/3P.instrset/gnuarm-armcortex.instrset/win/bin/../lib/gcc/arm-none-eabi/13.2.1/thumb/v7e-m+fp/hard\libm.a(libm_a-s_floor.o)
                0x0800afc0                floor
 .text.__ieee754_fmod
                0x0800b0c8      0x30c C:/ProgramData/MATLAB/SupportPackages/R2024b/3P.instrset/gnuarm-armcortex.instrset/win/bin/../lib/gcc/arm-none-eabi/13.2.1/thumb/v7e-m+fp/hard\libm.a(libm_a-e_fmod.o)
                0x0800b0c8                __ieee754_fmod
 .text.__udivmoddi4
                0x0800b3d4      0x2bc C:/ProgramData/MATLAB/SupportPackages/R2024b/3P.instrset/gnuarm-armcortex.instrset/win/bin/../lib/gcc/arm-none-eabi/13.2.1/thumb/v7e-m+fp/hard\libgcc.a(_udivmoddi4.o)
                0x0800b3d4                __udivmoddi4
 .text.malloc   0x0800b690       0x10 C:/ProgramData/MATLAB/SupportPackages/R2024b/3P.instrset/gnuarm-armcortex.instrset/win/bin/../lib/gcc/arm-none-eabi/13.2.1/thumb/v7e-m+fp/hard\libc_nano.a(libc_a-malloc.o)
                0x0800b690                malloc
 .text.free     0x0800b6a0       0x10 C:/ProgramData/MATLAB/SupportPackages/R2024b/3P.instrset/gnuarm-armcortex.instrset/win/bin/../lib/gcc/arm-none-eabi/13.2.1/thumb/v7e-m+fp/hard\libc_nano.a(libc_a-malloc.o)
                0x0800b6a0                free
 .text.sbrk_aligned
                0x0800b6b0       0x44 C:/ProgramData/MATLAB/SupportPackages/R2024b/3P.instrset/gnuarm-armcortex.instrset/win/bin/../lib/gcc/arm-none-eabi/13.2.1/thumb/v7e-m+fp/hard\libc_nano.a(libc_a-mallocr.o)
 .text._malloc_r
                0x0800b6f4      0x100 C:/ProgramData/MATLAB/SupportPackages/R2024b/3P.instrset/gnuarm-armcortex.instrset/win/bin/../lib/gcc/arm-none-eabi/13.2.1/thumb/v7e-m+fp/hard\libc_nano.a(libc_a-mallocr.o)
                0x0800b6f4                _malloc_r
 .text.__malloc_lock
                0x0800b7f4        0xc C:/ProgramData/MATLAB/SupportPackages/R2024b/3P.instrset/gnuarm-armcortex.instrset/win/bin/../lib/gcc/arm-none-eabi/13.2.1/thumb/v7e-m+fp/hard\libc_nano.a(libc_a-mlock.o)
                0x0800b7f4                __malloc_lock
 .text.__malloc_unlock
                0x0800b800        0xc C:/ProgramData/MATLAB/SupportPackages/R2024b/3P.instrset/gnuarm-armcortex.instrset/win/bin/../lib/gcc/arm-none-eabi/13.2.1/thumb/v7e-m+fp/hard\libc_nano.a(libc_a-mlock.o)
                0x0800b800                __malloc_unlock
 .text.memset   0x0800b80c       0x10 C:/ProgramData/MATLAB/SupportPackages/R2024b/3P.instrset/gnuarm-armcortex.instrset/win/bin/../lib/gcc/arm-none-eabi/13.2.1/thumb/v7e-m+fp/hard\libc_nano.a(libc_a-memset.o)
                0x0800b80c                memset
 .text.strncpy  0x0800b81c       0x26 C:/ProgramData/MATLAB/SupportPackages/R2024b/3P.instrset/gnuarm-armcortex.instrset/win/bin/../lib/gcc/arm-none-eabi/13.2.1/thumb/v7e-m+fp/hard\libc_nano.a(libc_a-strncpy.o)
                0x0800b81c                strncpy
 *fill*         0x0800b842        0x2 
 .text._sbrk_r  0x0800b844       0x20 C:/ProgramData/MATLAB/SupportPackages/R2024b/3P.instrset/gnuarm-armcortex.instrset/win/bin/../lib/gcc/arm-none-eabi/13.2.1/thumb/v7e-m+fp/hard\libc_nano.a(libc_a-sbrkr.o)
                0x0800b844                _sbrk_r
 .text.__errno  0x0800b864        0xc C:/ProgramData/MATLAB/SupportPackages/R2024b/3P.instrset/gnuarm-armcortex.instrset/win/bin/../lib/gcc/arm-none-eabi/13.2.1/thumb/v7e-m+fp/hard\libc_nano.a(libc_a-errno.o)
                0x0800b864                __errno
 .text.__libc_init_array
                0x0800b870       0x48 C:/ProgramData/MATLAB/SupportPackages/R2024b/3P.instrset/gnuarm-armcortex.instrset/win/bin/../lib/gcc/arm-none-eabi/13.2.1/thumb/v7e-m+fp/hard\libc_nano.a(libc_a-init.o)
                0x0800b870                __libc_init_array
 .text.__retarget_lock_acquire_recursive
                0x0800b8b8        0x2 C:/ProgramData/MATLAB/SupportPackages/R2024b/3P.instrset/gnuarm-armcortex.instrset/win/bin/../lib/gcc/arm-none-eabi/13.2.1/thumb/v7e-m+fp/hard\libc_nano.a(libc_a-lock.o)
                0x0800b8b8                __retarget_lock_acquire_recursive
 .text.__retarget_lock_release_recursive
                0x0800b8ba        0x2 C:/ProgramData/MATLAB/SupportPackages/R2024b/3P.instrset/gnuarm-armcortex.instrset/win/bin/../lib/gcc/arm-none-eabi/13.2.1/thumb/v7e-m+fp/hard\libc_nano.a(libc_a-lock.o)
                0x0800b8ba                __retarget_lock_release_recursive
 .text.memcpy   0x0800b8bc       0x1c C:/ProgramData/MATLAB/SupportPackages/R2024b/3P.instrset/gnuarm-armcortex.instrset/win/bin/../lib/gcc/arm-none-eabi/13.2.1/thumb/v7e-m+fp/hard\libc_nano.a(libc_a-memcpy-stub.o)
                0x0800b8bc                memcpy
 .text._free_r  0x0800b8d8       0x94 C:/ProgramData/MATLAB/SupportPackages/R2024b/3P.instrset/gnuarm-armcortex.instrset/win/bin/../lib/gcc/arm-none-eabi/13.2.1/thumb/v7e-m+fp/hard\libc_nano.a(libc_a-freer.o)
                0x0800b8d8                _free_r
 *(.glue_7)
 .glue_7        0x0800b96c        0x0 linker stubs
 *(.glue_7t)
 .glue_7t       0x0800b96c        0x0 linker stubs
 *(.eh_frame)
 .eh_frame      0x0800b96c        0x0 C:/ProgramData/MATLAB/SupportPackages/R2024b/3P.instrset/gnuarm-armcortex.instrset/win/bin/../lib/gcc/arm-none-eabi/13.2.1/thumb/v7e-m+fp/hard/crtbegin.o
 *(.init)
 .init          0x0800b96c        0x4 C:/ProgramData/MATLAB/SupportPackages/R2024b/3P.instrset/gnuarm-armcortex.instrset/win/bin/../lib/gcc/arm-none-eabi/13.2.1/thumb/v7e-m+fp/hard/crti.o
                0x0800b96c                _init
 .init          0x0800b970        0x8 C:/ProgramData/MATLAB/SupportPackages/R2024b/3P.instrset/gnuarm-armcortex.instrset/win/bin/../lib/gcc/arm-none-eabi/13.2.1/thumb/v7e-m+fp/hard/crtn.o
 *(.fini)
 .fini          0x0800b978        0x4 C:/ProgramData/MATLAB/SupportPackages/R2024b/3P.instrset/gnuarm-armcortex.instrset/win/bin/../lib/gcc/arm-none-eabi/13.2.1/thumb/v7e-m+fp/hard/crti.o
                0x0800b978                _fini
 .fini          0x0800b97c        0x8 C:/ProgramData/MATLAB/SupportPackages/R2024b/3P.instrset/gnuarm-armcortex.instrset/win/bin/../lib/gcc/arm-none-eabi/13.2.1/thumb/v7e-m+fp/hard/crtn.o
                0x0800b984                        . = ALIGN (0x4)
                0x0800b984                        _etext = .

.vfp11_veneer   0x0800b984        0x0
 .vfp11_veneer  0x0800b984        0x0 linker stubs

.v4_bx          0x0800b984        0x0
 .v4_bx         0x0800b984        0x0 linker stubs

.iplt           0x0800b984        0x0
 .iplt          0x0800b984        0x0 C:/ProgramData/MATLAB/SupportPackages/R2024b/3P.instrset/gnuarm-armcortex.instrset/win/bin/../lib/gcc/arm-none-eabi/13.2.1/thumb/v7e-m+fp/hard/crtbegin.o

.rodata         0x0800b988      0x800
                0x0800b988                        . = ALIGN (0x4)
 *(.rodata)
 .rodata        0x0800b988        0x1 Progetto_Gruppo21_IZ.o
 *(.rodata*)
 *fill*         0x0800b989        0x3 
 .rodata.CHANNEL_OFFSET_TAB
                0x0800b98c        0x8 stm_usart.o
 .rodata.CHANNEL_OFFSET_TAB
                0x0800b994        0x8 stm_lpuart.o
 .rodata.Progetto_Gruppo21_IZ_M
                0x0800b99c        0x4 Progetto_Gruppo21_IZ.o
                0x0800b99c                Progetto_Gruppo21_IZ_M
 .rodata.c_Value.37
                0x0800b9a0        0xc Progetto_Gruppo21_IZ.o
 .rodata.b_Value.36
                0x0800b9ac        0xc Progetto_Gruppo21_IZ.o
 .rodata.e.35   0x0800b9b8       0x16 Progetto_Gruppo21_IZ.o
 *fill*         0x0800b9ce        0x2 
 .rodata.f.34   0x0800b9d0        0x9 Progetto_Gruppo21_IZ.o
 *fill*         0x0800b9d9        0x3 
 .rodata.d.33   0x0800b9dc       0x20 Progetto_Gruppo21_IZ.o
 .rodata.i_0.32
                0x0800b9fc       0x1c Progetto_Gruppo21_IZ.o
 .rodata.g.31   0x0800ba18        0xb Progetto_Gruppo21_IZ.o
 *fill*         0x0800ba23        0x1 
 .rodata.h.30   0x0800ba24        0x7 Progetto_Gruppo21_IZ.o
 *fill*         0x0800ba2b        0x1 
 .rodata.k.29   0x0800ba2c        0xf Progetto_Gruppo21_IZ.o
 *fill*         0x0800ba3b        0x1 
 .rodata.c_Value.28
                0x0800ba3c       0x7d Progetto_Gruppo21_IZ.o
 *fill*         0x0800bab9        0x3 
 .rodata.o_Value.27
                0x0800babc       0x77 Progetto_Gruppo21_IZ.o
 *fill*         0x0800bb33        0x1 
 .rodata.u_Value.26
                0x0800bb34       0x25 Progetto_Gruppo21_IZ.o
 *fill*         0x0800bb59        0x3 
 .rodata.w.25   0x0800bb5c       0x1b Progetto_Gruppo21_IZ.o
 *fill*         0x0800bb77        0x1 
 .rodata.x.24   0x0800bb78        0x9 Progetto_Gruppo21_IZ.o
 *fill*         0x0800bb81        0x3 
 .rodata.v_Value.23
                0x0800bb84       0x27 Progetto_Gruppo21_IZ.o
 *fill*         0x0800bbab        0x1 
 .rodata.s_Value.22
                0x0800bbac       0x7d Progetto_Gruppo21_IZ.o
 *fill*         0x0800bc29        0x3 
 .rodata.l_Value.21
                0x0800bc2c       0x1c Progetto_Gruppo21_IZ.o
 .rodata.m_Value.20
                0x0800bc48       0x1c Progetto_Gruppo21_IZ.o
 .rodata.n_Value.19
                0x0800bc64       0x25 Progetto_Gruppo21_IZ.o
 *fill*         0x0800bc89        0x3 
 .rodata.o.18   0x0800bc8c       0x1b Progetto_Gruppo21_IZ.o
 *fill*         0x0800bca7        0x1 
 .rodata.p.17   0x0800bca8        0x7 Progetto_Gruppo21_IZ.o
 *fill*         0x0800bcaf        0x1 
 .rodata.l_Value.16
                0x0800bcb0       0x27 Progetto_Gruppo21_IZ.o
 *fill*         0x0800bcd7        0x1 
 .rodata.k_Value.15
                0x0800bcd8       0x7d Progetto_Gruppo21_IZ.o
 *fill*         0x0800bd55        0x3 
 .rodata.k_Value.14
                0x0800bd58       0x57 Progetto_Gruppo21_IZ.o
 *fill*         0x0800bdaf        0x1 
 .rodata.l_Value.13
                0x0800bdb0       0x4d Progetto_Gruppo21_IZ.o
 *fill*         0x0800bdfd        0x3 
 .rodata.m_Value.12
                0x0800be00       0x67 Progetto_Gruppo21_IZ.o
 *fill*         0x0800be67        0x1 
 .rodata.h_Value.11
                0x0800be68       0x30 Progetto_Gruppo21_IZ.o
 .rodata.j_Value.10
                0x0800be98       0x51 Progetto_Gruppo21_IZ.o
 *fill*         0x0800bee9        0x3 
 .rodata.g_Value.9
                0x0800beec       0x27 Progetto_Gruppo21_IZ.o
 *fill*         0x0800bf13        0x1 
 .rodata.i_Value.8
                0x0800bf14       0x4b Progetto_Gruppo21_IZ.o
 *fill*         0x0800bf5f        0x1 
 .rodata.d_Value.7
                0x0800bf60       0x4b Progetto_Gruppo21_IZ.o
 *fill*         0x0800bfab        0x1 
 .rodata.c_Value.6
                0x0800bfac       0x51 Progetto_Gruppo21_IZ.o
 *fill*         0x0800bffd        0x3 
 .rodata.r_Value.5
                0x0800c000       0x25 Progetto_Gruppo21_IZ.o
 *fill*         0x0800c025        0x3 
 .rodata.s.4    0x0800c028       0x1b Progetto_Gruppo21_IZ.o
 *fill*         0x0800c043        0x1 
 .rodata.t.3    0x0800c044        0x7 Progetto_Gruppo21_IZ.o
 *fill*         0x0800c04b        0x1 
 .rodata.p_Value.2
                0x0800c04c       0x27 Progetto_Gruppo21_IZ.o
 *fill*         0x0800c073        0x1 
 .rodata.k_Value.1
                0x0800c074       0x7d Progetto_Gruppo21_IZ.o
 *fill*         0x0800c0f1        0x3 
 .rodata.c_Value.0
                0x0800c0f4       0x21 Progetto_Gruppo21_IZ.o
 *fill*         0x0800c115        0x3 
 .rodata.eventMatrix.0
                0x0800c118       0x10 rt_zcfcn.o
 .rodata.CHANNEL_OFFSET_TAB
                0x0800c128        0x8 main.o
 .rodata.OFFSET_TAB_CCMRx
                0x0800c130        0xa main.o
 *fill*         0x0800c13a        0x2 
 .rodata.SHIFT_TAB_OCxx
                0x0800c13c        0xa main.o
 *fill*         0x0800c146        0x2 
 .rodata.LPUART_PRESCALER_TAB
                0x0800c148       0x18 stm32g4xx_ll_lpuart.o
 .rodata.AHBPrescTable
                0x0800c160       0x10 system_stm32g4xx.o
                0x0800c160                AHBPrescTable
 .rodata.APBPrescTable
                0x0800c170        0x8 system_stm32g4xx.o
                0x0800c170                APBPrescTable
 .rodata.Zero   0x0800c178       0x10 C:/ProgramData/MATLAB/SupportPackages/R2024b/3P.instrset/gnuarm-armcortex.instrset/win/bin/../lib/gcc/arm-none-eabi/13.2.1/thumb/v7e-m+fp/hard\libm.a(libm_a-e_fmod.o)
                0x0800c188                        . = ALIGN (0x4)

.ARM.extab      0x0800c188        0x0
                0x0800c188                        . = ALIGN (0x4)
 *(.ARM.extab* .gnu.linkonce.armextab.*)
                0x0800c188                        . = ALIGN (0x4)

.ARM            0x0800c188        0x8
                0x0800c188                        . = ALIGN (0x4)
                0x0800c188                        __exidx_start = .
 *(.ARM.exidx*)
 .ARM.exidx     0x0800c188        0x8 C:/ProgramData/MATLAB/SupportPackages/R2024b/3P.instrset/gnuarm-armcortex.instrset/win/bin/../lib/gcc/arm-none-eabi/13.2.1/thumb/v7e-m+fp/hard\libc_nano.a(libc_a-strlen.o)
 .ARM.exidx.text.__udivmoddi4
                0x0800c190        0x0 C:/ProgramData/MATLAB/SupportPackages/R2024b/3P.instrset/gnuarm-armcortex.instrset/win/bin/../lib/gcc/arm-none-eabi/13.2.1/thumb/v7e-m+fp/hard\libgcc.a(_udivmoddi4.o)
                                  0x8 (size before relaxing)
                0x0800c190                        __exidx_end = .
                0x0800c190                        . = ALIGN (0x4)

.rel.dyn        0x0800c190        0x0
 .rel.iplt      0x0800c190        0x0 C:/ProgramData/MATLAB/SupportPackages/R2024b/3P.instrset/gnuarm-armcortex.instrset/win/bin/../lib/gcc/arm-none-eabi/13.2.1/thumb/v7e-m+fp/hard/crtbegin.o

.preinit_array  0x0800c190        0x0
                0x0800c190                        . = ALIGN (0x4)
                0x0800c190                        PROVIDE (__preinit_array_start = .)
 *(.preinit_array*)
                0x0800c190                        PROVIDE (__preinit_array_end = .)
                0x0800c190                        . = ALIGN (0x4)

.init_array     0x0800c190        0x4
                0x0800c190                        . = ALIGN (0x4)
                0x0800c190                        PROVIDE (__init_array_start = .)
 *(SORT_BY_NAME(.init_array.*))
 *(.init_array*)
 .init_array    0x0800c190        0x4 C:/ProgramData/MATLAB/SupportPackages/R2024b/3P.instrset/gnuarm-armcortex.instrset/win/bin/../lib/gcc/arm-none-eabi/13.2.1/thumb/v7e-m+fp/hard/crtbegin.o
                0x0800c194                        PROVIDE (__init_array_end = .)
                0x0800c194                        . = ALIGN (0x4)

.fini_array     0x0800c194        0x4
                0x0800c194                        . = ALIGN (0x4)
                [!provide]                        PROVIDE (__fini_array_start = .)
 *(SORT_BY_NAME(.fini_array.*))
 *(.fini_array*)
 .fini_array    0x0800c194        0x4 C:/ProgramData/MATLAB/SupportPackages/R2024b/3P.instrset/gnuarm-armcortex.instrset/win/bin/../lib/gcc/arm-none-eabi/13.2.1/thumb/v7e-m+fp/hard/crtbegin.o
                [!provide]                        PROVIDE (__fini_array_end = .)
                0x0800c198                        . = ALIGN (0x4)
                0x0800c198                        _sidata = LOADADDR (.data)

.data           0x20000000       0x64 load address 0x0800c198
                0x20000000                        . = ALIGN (0x4)
                0x20000000                        _sdata = .
 *(.data)
 *(.data*)
 .data.rtNaN    0x20000000        0x8 rt_nonfinite.o
                0x20000000                rtNaN
 .data.uwTickPrio
                0x20000008        0x4 stm32g4xx_hal.o
                0x20000008                uwTickPrio
 .data.uwTickFreq
                0x2000000c        0x4 stm32g4xx_hal.o
                0x2000000c                uwTickFreq
 .data.SystemCoreClock
                0x20000010        0x4 system_stm32g4xx.o
                0x20000010                SystemCoreClock
 .data._impure_ptr
                0x20000014        0x4 C:/ProgramData/MATLAB/SupportPackages/R2024b/3P.instrset/gnuarm-armcortex.instrset/win/bin/../lib/gcc/arm-none-eabi/13.2.1/thumb/v7e-m+fp/hard\libc_nano.a(libc_a-impure.o)
                0x20000014                _impure_ptr
 .data._impure_data
                0x20000018       0x4c C:/ProgramData/MATLAB/SupportPackages/R2024b/3P.instrset/gnuarm-armcortex.instrset/win/bin/../lib/gcc/arm-none-eabi/13.2.1/thumb/v7e-m+fp/hard\libc_nano.a(libc_a-impure.o)
                0x20000018                _impure_data
 *(.RamFunc)
 *(.RamFunc*)
                0x20000064                        . = ALIGN (0x4)
                0x20000064                        _edata = .

.tm_clone_table
                0x20000064        0x0 load address 0x0800c1fc
 .tm_clone_table
                0x20000064        0x0 C:/ProgramData/MATLAB/SupportPackages/R2024b/3P.instrset/gnuarm-armcortex.instrset/win/bin/../lib/gcc/arm-none-eabi/13.2.1/thumb/v7e-m+fp/hard/crtbegin.o
 .tm_clone_table
                0x20000064        0x0 C:/ProgramData/MATLAB/SupportPackages/R2024b/3P.instrset/gnuarm-armcortex.instrset/win/bin/../lib/gcc/arm-none-eabi/13.2.1/thumb/v7e-m+fp/hard/crtend.o

.igot.plt       0x20000064        0x0 load address 0x0800c1fc
 .igot.plt      0x20000064        0x0 C:/ProgramData/MATLAB/SupportPackages/R2024b/3P.instrset/gnuarm-armcortex.instrset/win/bin/../lib/gcc/arm-none-eabi/13.2.1/thumb/v7e-m+fp/hard/crtbegin.o
                0x20000064                        . = ALIGN (0x4)

.bss            0x20000068      0x814 load address 0x0800c1fc
                0x20000068                        _sbss = .
                0x20000068                        __bss_start__ = _sbss
 *(.bss)
 *(.bss*)
 .bss.completed.1
                0x20000068        0x1 C:/ProgramData/MATLAB/SupportPackages/R2024b/3P.instrset/gnuarm-armcortex.instrset/win/bin/../lib/gcc/arm-none-eabi/13.2.1/thumb/v7e-m+fp/hard/crtbegin.o
 *fill*         0x20000069        0x3 
 .bss.object.0  0x2000006c       0x18 C:/ProgramData/MATLAB/SupportPackages/R2024b/3P.instrset/gnuarm-armcortex.instrset/win/bin/../lib/gcc/arm-none-eabi/13.2.1/thumb/v7e-m+fp/hard/crtbegin.o
 .bss.mw_tim3   0x20000084       0x8c stm_timer_ll.o
                0x20000084                mw_tim3
 .bss.mw_tim4   0x20000110       0x8c stm_timer_ll.o
                0x20000110                mw_tim4
 .bss.mw_lpuart1
                0x2000019c       0x40 stm_lpuart.o
                0x2000019c                mw_lpuart1
 *fill*         0x200001dc        0x4 
 .bss.Progetto_Gruppo21_IZ_B
                0x200001e0      0x218 Progetto_Gruppo21_IZ.o
                0x200001e0                Progetto_Gruppo21_IZ_B
 .bss.Progetto_Gruppo21_IZ_DW
                0x200003f8      0x2c0 Progetto_Gruppo21_IZ.o
                0x200003f8                Progetto_Gruppo21_IZ_DW
 .bss.Progetto_Gruppo21_IZ_PrevZCX
                0x200006b8        0x7 Progetto_Gruppo21_IZ.o
                0x200006b8                Progetto_Gruppo21_IZ_PrevZCX
 *fill*         0x200006bf        0x1 
 .bss.Progetto_Gruppo21_IZ_M_
                0x200006c0        0x4 Progetto_Gruppo21_IZ.o
 .bss.resultZC0
                0x200006c4        0x1 Progetto_Gruppo21_IZ.o
 .bss.resultZC1
                0x200006c5        0x1 Progetto_Gruppo21_IZ.o
 .bss.resultZC2
                0x200006c6        0x1 Progetto_Gruppo21_IZ.o
 .bss.resultZC3
                0x200006c7        0x1 Progetto_Gruppo21_IZ.o
 .bss.resultZC4
                0x200006c8        0x1 Progetto_Gruppo21_IZ.o
 .bss.resultZC5
                0x200006c9        0x1 Progetto_Gruppo21_IZ.o
 .bss.resultZC6
                0x200006ca        0x1 Progetto_Gruppo21_IZ.o
 *fill*         0x200006cb        0x1 
 .bss.IsrOverrun
                0x200006cc        0x4 ert_main.o
                0x200006cc                IsrOverrun
 .bss.OverrunFlag
                0x200006d0        0x1 ert_main.o
 .bss.stopRequested
                0x200006d1        0x1 ert_main.o
                0x200006d1                stopRequested
 .bss.runModel  0x200006d2        0x1 ert_main.o
                0x200006d2                runModel
 *fill*         0x200006d3        0x1 
 .bss.schdl_counter
                0x200006d4        0x4 SysTickScheduler.o
                0x200006d4                schdl_counter
 .bss.schdl_counter_max
                0x200006d8        0x4 SysTickScheduler.o
                0x200006d8                schdl_counter_max
 .bss.taskToSchedule
                0x200006dc        0x4 m3m4m4f_multitasking.o
                0x200006dc                taskToSchedule
 .bss.htim2     0x200006e0       0x4c stm32g4xx_hal_timebase_tim.o
                0x200006e0                htim2
 .bss.uwTick    0x2000072c        0x4 stm32g4xx_hal.o
                0x2000072c                uwTick
 .bss.__sbrk_heap_end
                0x20000730        0x4 sysmem.o
 .bss.__malloc_sbrk_start
                0x20000734        0x4 C:/ProgramData/MATLAB/SupportPackages/R2024b/3P.instrset/gnuarm-armcortex.instrset/win/bin/../lib/gcc/arm-none-eabi/13.2.1/thumb/v7e-m+fp/hard\libc_nano.a(libc_a-mallocr.o)
                0x20000734                __malloc_sbrk_start
 .bss.__malloc_free_list
                0x20000738        0x4 C:/ProgramData/MATLAB/SupportPackages/R2024b/3P.instrset/gnuarm-armcortex.instrset/win/bin/../lib/gcc/arm-none-eabi/13.2.1/thumb/v7e-m+fp/hard\libc_nano.a(libc_a-mallocr.o)
                0x20000738                __malloc_free_list
 .bss.__sf      0x2000073c      0x138 C:/ProgramData/MATLAB/SupportPackages/R2024b/3P.instrset/gnuarm-armcortex.instrset/win/bin/../lib/gcc/arm-none-eabi/13.2.1/thumb/v7e-m+fp/hard\libc_nano.a(libc_a-findfp.o)
                0x2000073c                __sf
 .bss.errno     0x20000874        0x4 C:/ProgramData/MATLAB/SupportPackages/R2024b/3P.instrset/gnuarm-armcortex.instrset/win/bin/../lib/gcc/arm-none-eabi/13.2.1/thumb/v7e-m+fp/hard\libc_nano.a(libc_a-reent.o)
                0x20000874                errno
 .bss.__lock___malloc_recursive_mutex
                0x20000878        0x1 C:/ProgramData/MATLAB/SupportPackages/R2024b/3P.instrset/gnuarm-armcortex.instrset/win/bin/../lib/gcc/arm-none-eabi/13.2.1/thumb/v7e-m+fp/hard\libc_nano.a(libc_a-lock.o)
                0x20000878                __lock___malloc_recursive_mutex
 *(COMMON)
                0x2000087c                        . = ALIGN (0x4)
 *fill*         0x20000879        0x3 
                0x2000087c                        _ebss = .
                0x2000087c                        __bss_end__ = _ebss

._user_heap_stack
                0x2000087c      0x604 load address 0x0800c1fc
                0x20000880                        . = ALIGN (0x8)
 *fill*         0x2000087c        0x4 
                [!provide]                        PROVIDE (end = .)
                0x20000880                        PROVIDE (_end = .)
                0x20000a80                        . = (. + _Min_Heap_Size)
 *fill*         0x20000880      0x200 
                0x20000e80                        . = (. + _Min_Stack_Size)
 *fill*         0x20000a80      0x400 
                0x20000e80                        . = ALIGN (0x8)

/DISCARD/
 libc.a(*)
 libm.a(*)
 libgcc.a(*)

.ARM.attributes
                0x00000000       0x30
 *(.ARM.attributes)
 .ARM.attributes
                0x00000000       0x22 C:/ProgramData/MATLAB/SupportPackages/R2024b/3P.instrset/gnuarm-armcortex.instrset/win/bin/../lib/gcc/arm-none-eabi/13.2.1/thumb/v7e-m+fp/hard/crti.o
 .ARM.attributes
                0x00000022       0x34 C:/ProgramData/MATLAB/SupportPackages/R2024b/3P.instrset/gnuarm-armcortex.instrset/win/bin/../lib/gcc/arm-none-eabi/13.2.1/thumb/v7e-m+fp/hard/crtbegin.o
 .ARM.attributes
                0x00000056       0x34 stm_timer_ll.o
 .ARM.attributes
                0x0000008a       0x34 stm_usart.o
 .ARM.attributes
                0x000000be       0x34 stm_lpuart.o
 .ARM.attributes
                0x000000f2       0x34 Progetto_Gruppo21_IZ.o
 .ARM.attributes
                0x00000126       0x34 ert_main.o
 .ARM.attributes
                0x0000015a       0x34 rt_nonfinite.o
 .ARM.attributes
                0x0000018e       0x34 rt_zcfcn.o
 .ARM.attributes
                0x000001c2       0x34 platform_timer.o
 .ARM.attributes
                0x000001f6       0x34 SysTickScheduler.o
 .ARM.attributes
                0x0000022a       0x34 m3m4m4f_multitasking.o
 .ARM.attributes
                0x0000025e       0x34 main.o
 .ARM.attributes
                0x00000292       0x34 stm32g4xx_it.o
 .ARM.attributes
                0x000002c6       0x34 stm32g4xx_hal_msp.o
 .ARM.attributes
                0x000002fa       0x34 stm32g4xx_hal_timebase_tim.o
 .ARM.attributes
                0x0000032e       0x34 stm32g4xx_ll_utils.o
 .ARM.attributes
                0x00000362       0x34 stm32g4xx_ll_gpio.o
 .ARM.attributes
                0x00000396       0x34 stm32g4xx_ll_lpuart.o
 .ARM.attributes
                0x000003ca       0x34 stm32g4xx_ll_rcc.o
 .ARM.attributes
                0x000003fe       0x34 stm32g4xx_hal.o
 .ARM.attributes
                0x00000432       0x34 stm32g4xx_hal_rcc.o
 .ARM.attributes
                0x00000466       0x34 stm32g4xx_hal_pwr_ex.o
 .ARM.attributes
                0x0000049a       0x34 stm32g4xx_hal_cortex.o
 .ARM.attributes
                0x000004ce       0x34 stm32g4xx_hal_tim.o
 .ARM.attributes
                0x00000502       0x34 stm32g4xx_hal_tim_ex.o
 .ARM.attributes
                0x00000536       0x34 stm32g4xx_ll_tim.o
 .ARM.attributes
                0x0000056a       0x34 system_stm32g4xx.o
 .ARM.attributes
                0x0000059e       0x34 sysmem.o
 .ARM.attributes
                0x000005d2       0x21 startup_stm32g474retx.o
 .ARM.attributes
                0x000005f3       0x34 C:/ProgramData/MATLAB/SupportPackages/R2024b/3P.instrset/gnuarm-armcortex.instrset/win/bin/../lib/gcc/arm-none-eabi/13.2.1/thumb/v7e-m+fp/hard\libm.a(libm_a-w_fmod.o)
 .ARM.attributes
                0x00000627       0x34 C:/ProgramData/MATLAB/SupportPackages/R2024b/3P.instrset/gnuarm-armcortex.instrset/win/bin/../lib/gcc/arm-none-eabi/13.2.1/thumb/v7e-m+fp/hard\libm.a(libm_a-s_ceil.o)
 .ARM.attributes
                0x0000065b       0x34 C:/ProgramData/MATLAB/SupportPackages/R2024b/3P.instrset/gnuarm-armcortex.instrset/win/bin/../lib/gcc/arm-none-eabi/13.2.1/thumb/v7e-m+fp/hard\libm.a(libm_a-s_floor.o)
 .ARM.attributes
                0x0000068f       0x34 C:/ProgramData/MATLAB/SupportPackages/R2024b/3P.instrset/gnuarm-armcortex.instrset/win/bin/../lib/gcc/arm-none-eabi/13.2.1/thumb/v7e-m+fp/hard\libm.a(libm_a-e_fmod.o)
 .ARM.attributes
                0x000006c3       0x22 C:/ProgramData/MATLAB/SupportPackages/R2024b/3P.instrset/gnuarm-armcortex.instrset/win/bin/../lib/gcc/arm-none-eabi/13.2.1/thumb/v7e-m+fp/hard\libgcc.a(_arm_addsubdf3.o)
 .ARM.attributes
                0x000006e5       0x22 C:/ProgramData/MATLAB/SupportPackages/R2024b/3P.instrset/gnuarm-armcortex.instrset/win/bin/../lib/gcc/arm-none-eabi/13.2.1/thumb/v7e-m+fp/hard\libgcc.a(_arm_muldivdf3.o)
 .ARM.attributes
                0x00000707       0x22 C:/ProgramData/MATLAB/SupportPackages/R2024b/3P.instrset/gnuarm-armcortex.instrset/win/bin/../lib/gcc/arm-none-eabi/13.2.1/thumb/v7e-m+fp/hard\libgcc.a(_arm_cmpdf2.o)
 .ARM.attributes
                0x00000729       0x22 C:/ProgramData/MATLAB/SupportPackages/R2024b/3P.instrset/gnuarm-armcortex.instrset/win/bin/../lib/gcc/arm-none-eabi/13.2.1/thumb/v7e-m+fp/hard\libgcc.a(_arm_unorddf2.o)
 .ARM.attributes
                0x0000074b       0x22 C:/ProgramData/MATLAB/SupportPackages/R2024b/3P.instrset/gnuarm-armcortex.instrset/win/bin/../lib/gcc/arm-none-eabi/13.2.1/thumb/v7e-m+fp/hard\libgcc.a(_arm_fixdfsi.o)
 .ARM.attributes
                0x0000076d       0x22 C:/ProgramData/MATLAB/SupportPackages/R2024b/3P.instrset/gnuarm-armcortex.instrset/win/bin/../lib/gcc/arm-none-eabi/13.2.1/thumb/v7e-m+fp/hard\libgcc.a(_arm_fixunsdfsi.o)
 .ARM.attributes
                0x0000078f       0x22 C:/ProgramData/MATLAB/SupportPackages/R2024b/3P.instrset/gnuarm-armcortex.instrset/win/bin/../lib/gcc/arm-none-eabi/13.2.1/thumb/v7e-m+fp/hard\libgcc.a(_aeabi_uldivmod.o)
 .ARM.attributes
                0x000007b1       0x34 C:/ProgramData/MATLAB/SupportPackages/R2024b/3P.instrset/gnuarm-armcortex.instrset/win/bin/../lib/gcc/arm-none-eabi/13.2.1/thumb/v7e-m+fp/hard\libgcc.a(_udivmoddi4.o)
 .ARM.attributes
                0x000007e5       0x22 C:/ProgramData/MATLAB/SupportPackages/R2024b/3P.instrset/gnuarm-armcortex.instrset/win/bin/../lib/gcc/arm-none-eabi/13.2.1/thumb/v7e-m+fp/hard\libgcc.a(_dvmd_tls.o)
 .ARM.attributes
                0x00000807       0x34 C:/ProgramData/MATLAB/SupportPackages/R2024b/3P.instrset/gnuarm-armcortex.instrset/win/bin/../lib/gcc/arm-none-eabi/13.2.1/thumb/v7e-m+fp/hard\libc_nano.a(libc_a-malloc.o)
 .ARM.attributes
                0x0000083b       0x34 C:/ProgramData/MATLAB/SupportPackages/R2024b/3P.instrset/gnuarm-armcortex.instrset/win/bin/../lib/gcc/arm-none-eabi/13.2.1/thumb/v7e-m+fp/hard\libc_nano.a(libc_a-mallocr.o)
 .ARM.attributes
                0x0000086f       0x34 C:/ProgramData/MATLAB/SupportPackages/R2024b/3P.instrset/gnuarm-armcortex.instrset/win/bin/../lib/gcc/arm-none-eabi/13.2.1/thumb/v7e-m+fp/hard\libc_nano.a(libc_a-mlock.o)
 .ARM.attributes
                0x000008a3       0x34 C:/ProgramData/MATLAB/SupportPackages/R2024b/3P.instrset/gnuarm-armcortex.instrset/win/bin/../lib/gcc/arm-none-eabi/13.2.1/thumb/v7e-m+fp/hard\libc_nano.a(libc_a-findfp.o)
 .ARM.attributes
                0x000008d7       0x34 C:/ProgramData/MATLAB/SupportPackages/R2024b/3P.instrset/gnuarm-armcortex.instrset/win/bin/../lib/gcc/arm-none-eabi/13.2.1/thumb/v7e-m+fp/hard\libc_nano.a(libc_a-memset.o)
 .ARM.attributes
                0x0000090b       0x34 C:/ProgramData/MATLAB/SupportPackages/R2024b/3P.instrset/gnuarm-armcortex.instrset/win/bin/../lib/gcc/arm-none-eabi/13.2.1/thumb/v7e-m+fp/hard\libc_nano.a(libc_a-strncpy.o)
 .ARM.attributes
                0x0000093f       0x34 C:/ProgramData/MATLAB/SupportPackages/R2024b/3P.instrset/gnuarm-armcortex.instrset/win/bin/../lib/gcc/arm-none-eabi/13.2.1/thumb/v7e-m+fp/hard\libc_nano.a(libc_a-reent.o)
 .ARM.attributes
                0x00000973       0x34 C:/ProgramData/MATLAB/SupportPackages/R2024b/3P.instrset/gnuarm-armcortex.instrset/win/bin/../lib/gcc/arm-none-eabi/13.2.1/thumb/v7e-m+fp/hard\libc_nano.a(libc_a-impure.o)
 .ARM.attributes
                0x000009a7       0x34 C:/ProgramData/MATLAB/SupportPackages/R2024b/3P.instrset/gnuarm-armcortex.instrset/win/bin/../lib/gcc/arm-none-eabi/13.2.1/thumb/v7e-m+fp/hard\libc_nano.a(libc_a-sbrkr.o)
 .ARM.attributes
                0x000009db       0x34 C:/ProgramData/MATLAB/SupportPackages/R2024b/3P.instrset/gnuarm-armcortex.instrset/win/bin/../lib/gcc/arm-none-eabi/13.2.1/thumb/v7e-m+fp/hard\libc_nano.a(libc_a-errno.o)
 .ARM.attributes
                0x00000a0f       0x34 C:/ProgramData/MATLAB/SupportPackages/R2024b/3P.instrset/gnuarm-armcortex.instrset/win/bin/../lib/gcc/arm-none-eabi/13.2.1/thumb/v7e-m+fp/hard\libc_nano.a(libc_a-init.o)
 .ARM.attributes
                0x00000a43       0x34 C:/ProgramData/MATLAB/SupportPackages/R2024b/3P.instrset/gnuarm-armcortex.instrset/win/bin/../lib/gcc/arm-none-eabi/13.2.1/thumb/v7e-m+fp/hard\libc_nano.a(libc_a-lock.o)
 .ARM.attributes
                0x00000a77       0x34 C:/ProgramData/MATLAB/SupportPackages/R2024b/3P.instrset/gnuarm-armcortex.instrset/win/bin/../lib/gcc/arm-none-eabi/13.2.1/thumb/v7e-m+fp/hard\libc_nano.a(libc_a-memcpy-stub.o)
 .ARM.attributes
                0x00000aab       0x17 C:/ProgramData/MATLAB/SupportPackages/R2024b/3P.instrset/gnuarm-armcortex.instrset/win/bin/../lib/gcc/arm-none-eabi/13.2.1/thumb/v7e-m+fp/hard\libc_nano.a(libc_a-strlen.o)
 .ARM.attributes
                0x00000ac2       0x34 C:/ProgramData/MATLAB/SupportPackages/R2024b/3P.instrset/gnuarm-armcortex.instrset/win/bin/../lib/gcc/arm-none-eabi/13.2.1/thumb/v7e-m+fp/hard\libc_nano.a(libc_a-freer.o)
 .ARM.attributes
                0x00000af6       0x34 C:/ProgramData/MATLAB/SupportPackages/R2024b/3P.instrset/gnuarm-armcortex.instrset/win/bin/../lib/gcc/arm-none-eabi/13.2.1/thumb/v7e-m+fp/hard/crtend.o
 .ARM.attributes
                0x00000b2a       0x22 C:/ProgramData/MATLAB/SupportPackages/R2024b/3P.instrset/gnuarm-armcortex.instrset/win/bin/../lib/gcc/arm-none-eabi/13.2.1/thumb/v7e-m+fp/hard/crtn.o
OUTPUT(../Progetto_Gruppo21_IZ.elf elf32-littlearm)
LOAD linker stubs
LOAD C:/ProgramData/MATLAB/SupportPackages/R2024b/3P.instrset/gnuarm-armcortex.instrset/win/bin/../lib/gcc/arm-none-eabi/13.2.1/thumb/v7e-m+fp/hard\libc.a
LOAD C:/ProgramData/MATLAB/SupportPackages/R2024b/3P.instrset/gnuarm-armcortex.instrset/win/bin/../lib/gcc/arm-none-eabi/13.2.1/thumb/v7e-m+fp/hard\libm.a
LOAD C:/ProgramData/MATLAB/SupportPackages/R2024b/3P.instrset/gnuarm-armcortex.instrset/win/bin/../lib/gcc/arm-none-eabi/13.2.1/thumb/v7e-m+fp/hard\libgcc.a

.comment        0x00000000       0x44
 .comment       0x00000000       0x44 stm_timer_ll.o
                                 0x45 (size before relaxing)
 .comment       0x00000044       0x45 stm_usart.o
 .comment       0x00000044       0x45 stm_lpuart.o
 .comment       0x00000044       0x45 Progetto_Gruppo21_IZ.o
 .comment       0x00000044       0x45 ert_main.o
 .comment       0x00000044       0x45 rt_nonfinite.o
 .comment       0x00000044       0x45 rt_zcfcn.o
 .comment       0x00000044       0x45 platform_timer.o
 .comment       0x00000044       0x45 SysTickScheduler.o
 .comment       0x00000044       0x45 m3m4m4f_multitasking.o
 .comment       0x00000044       0x45 main.o
 .comment       0x00000044       0x45 stm32g4xx_it.o
 .comment       0x00000044       0x45 stm32g4xx_hal_msp.o
 .comment       0x00000044       0x45 stm32g4xx_hal_timebase_tim.o
 .comment       0x00000044       0x45 stm32g4xx_ll_utils.o
 .comment       0x00000044       0x45 stm32g4xx_ll_gpio.o
 .comment       0x00000044       0x45 stm32g4xx_ll_lpuart.o
 .comment       0x00000044       0x45 stm32g4xx_ll_rcc.o
 .comment       0x00000044       0x45 stm32g4xx_hal.o
 .comment       0x00000044       0x45 stm32g4xx_hal_rcc.o
 .comment       0x00000044       0x45 stm32g4xx_hal_pwr_ex.o
 .comment       0x00000044       0x45 stm32g4xx_hal_cortex.o
 .comment       0x00000044       0x45 stm32g4xx_hal_tim.o
 .comment       0x00000044       0x45 stm32g4xx_hal_tim_ex.o
 .comment       0x00000044       0x45 stm32g4xx_ll_tim.o
 .comment       0x00000044       0x45 system_stm32g4xx.o
 .comment       0x00000044       0x45 sysmem.o

.debug_frame    0x00000000      0x764
 .debug_frame   0x00000000       0x4c C:/ProgramData/MATLAB/SupportPackages/R2024b/3P.instrset/gnuarm-armcortex.instrset/win/bin/../lib/gcc/arm-none-eabi/13.2.1/thumb/v7e-m+fp/hard\libm.a(libm_a-w_fmod.o)
 .debug_frame   0x0000004c       0x30 C:/ProgramData/MATLAB/SupportPackages/R2024b/3P.instrset/gnuarm-armcortex.instrset/win/bin/../lib/gcc/arm-none-eabi/13.2.1/thumb/v7e-m+fp/hard\libm.a(libm_a-s_ceil.o)
 .debug_frame   0x0000007c       0x30 C:/ProgramData/MATLAB/SupportPackages/R2024b/3P.instrset/gnuarm-armcortex.instrset/win/bin/../lib/gcc/arm-none-eabi/13.2.1/thumb/v7e-m+fp/hard\libm.a(libm_a-s_floor.o)
 .debug_frame   0x000000ac       0x34 C:/ProgramData/MATLAB/SupportPackages/R2024b/3P.instrset/gnuarm-armcortex.instrset/win/bin/../lib/gcc/arm-none-eabi/13.2.1/thumb/v7e-m+fp/hard\libm.a(libm_a-e_fmod.o)
 .debug_frame   0x000000e0       0xac C:/ProgramData/MATLAB/SupportPackages/R2024b/3P.instrset/gnuarm-armcortex.instrset/win/bin/../lib/gcc/arm-none-eabi/13.2.1/thumb/v7e-m+fp/hard\libgcc.a(_arm_addsubdf3.o)
 .debug_frame   0x0000018c       0x50 C:/ProgramData/MATLAB/SupportPackages/R2024b/3P.instrset/gnuarm-armcortex.instrset/win/bin/../lib/gcc/arm-none-eabi/13.2.1/thumb/v7e-m+fp/hard\libgcc.a(_arm_muldivdf3.o)
 .debug_frame   0x000001dc       0xc4 C:/ProgramData/MATLAB/SupportPackages/R2024b/3P.instrset/gnuarm-armcortex.instrset/win/bin/../lib/gcc/arm-none-eabi/13.2.1/thumb/v7e-m+fp/hard\libgcc.a(_arm_cmpdf2.o)
 .debug_frame   0x000002a0       0x20 C:/ProgramData/MATLAB/SupportPackages/R2024b/3P.instrset/gnuarm-armcortex.instrset/win/bin/../lib/gcc/arm-none-eabi/13.2.1/thumb/v7e-m+fp/hard\libgcc.a(_arm_unorddf2.o)
 .debug_frame   0x000002c0       0x24 C:/ProgramData/MATLAB/SupportPackages/R2024b/3P.instrset/gnuarm-armcortex.instrset/win/bin/../lib/gcc/arm-none-eabi/13.2.1/thumb/v7e-m+fp/hard\libgcc.a(_arm_fixdfsi.o)
 .debug_frame   0x000002e4       0x24 C:/ProgramData/MATLAB/SupportPackages/R2024b/3P.instrset/gnuarm-armcortex.instrset/win/bin/../lib/gcc/arm-none-eabi/13.2.1/thumb/v7e-m+fp/hard\libgcc.a(_arm_fixunsdfsi.o)
 .debug_frame   0x00000308       0x2c C:/ProgramData/MATLAB/SupportPackages/R2024b/3P.instrset/gnuarm-armcortex.instrset/win/bin/../lib/gcc/arm-none-eabi/13.2.1/thumb/v7e-m+fp/hard\libgcc.a(_aeabi_uldivmod.o)
 .debug_frame   0x00000334       0x34 C:/ProgramData/MATLAB/SupportPackages/R2024b/3P.instrset/gnuarm-armcortex.instrset/win/bin/../lib/gcc/arm-none-eabi/13.2.1/thumb/v7e-m+fp/hard\libgcc.a(_udivmoddi4.o)
 .debug_frame   0x00000368       0x30 C:/ProgramData/MATLAB/SupportPackages/R2024b/3P.instrset/gnuarm-armcortex.instrset/win/bin/../lib/gcc/arm-none-eabi/13.2.1/thumb/v7e-m+fp/hard\libc_nano.a(libc_a-malloc.o)
 .debug_frame   0x00000398       0x50 C:/ProgramData/MATLAB/SupportPackages/R2024b/3P.instrset/gnuarm-armcortex.instrset/win/bin/../lib/gcc/arm-none-eabi/13.2.1/thumb/v7e-m+fp/hard\libc_nano.a(libc_a-mallocr.o)
 .debug_frame   0x000003e8       0x30 C:/ProgramData/MATLAB/SupportPackages/R2024b/3P.instrset/gnuarm-armcortex.instrset/win/bin/../lib/gcc/arm-none-eabi/13.2.1/thumb/v7e-m+fp/hard\libc_nano.a(libc_a-mlock.o)
 .debug_frame   0x00000418      0x144 C:/ProgramData/MATLAB/SupportPackages/R2024b/3P.instrset/gnuarm-armcortex.instrset/win/bin/../lib/gcc/arm-none-eabi/13.2.1/thumb/v7e-m+fp/hard\libc_nano.a(libc_a-findfp.o)
 .debug_frame   0x0000055c       0x20 C:/ProgramData/MATLAB/SupportPackages/R2024b/3P.instrset/gnuarm-armcortex.instrset/win/bin/../lib/gcc/arm-none-eabi/13.2.1/thumb/v7e-m+fp/hard\libc_nano.a(libc_a-memset.o)
 .debug_frame   0x0000057c       0x28 C:/ProgramData/MATLAB/SupportPackages/R2024b/3P.instrset/gnuarm-armcortex.instrset/win/bin/../lib/gcc/arm-none-eabi/13.2.1/thumb/v7e-m+fp/hard\libc_nano.a(libc_a-strncpy.o)
 .debug_frame   0x000005a4       0x38 C:/ProgramData/MATLAB/SupportPackages/R2024b/3P.instrset/gnuarm-armcortex.instrset/win/bin/../lib/gcc/arm-none-eabi/13.2.1/thumb/v7e-m+fp/hard\libc_nano.a(libc_a-reent.o)
 .debug_frame   0x000005dc       0x2c C:/ProgramData/MATLAB/SupportPackages/R2024b/3P.instrset/gnuarm-armcortex.instrset/win/bin/../lib/gcc/arm-none-eabi/13.2.1/thumb/v7e-m+fp/hard\libc_nano.a(libc_a-sbrkr.o)
 .debug_frame   0x00000608       0x20 C:/ProgramData/MATLAB/SupportPackages/R2024b/3P.instrset/gnuarm-armcortex.instrset/win/bin/../lib/gcc/arm-none-eabi/13.2.1/thumb/v7e-m+fp/hard\libc_nano.a(libc_a-errno.o)
 .debug_frame   0x00000628       0x2c C:/ProgramData/MATLAB/SupportPackages/R2024b/3P.instrset/gnuarm-armcortex.instrset/win/bin/../lib/gcc/arm-none-eabi/13.2.1/thumb/v7e-m+fp/hard\libc_nano.a(libc_a-init.o)
 .debug_frame   0x00000654       0xb0 C:/ProgramData/MATLAB/SupportPackages/R2024b/3P.instrset/gnuarm-armcortex.instrset/win/bin/../lib/gcc/arm-none-eabi/13.2.1/thumb/v7e-m+fp/hard\libc_nano.a(libc_a-lock.o)
 .debug_frame   0x00000704       0x28 C:/ProgramData/MATLAB/SupportPackages/R2024b/3P.instrset/gnuarm-armcortex.instrset/win/bin/../lib/gcc/arm-none-eabi/13.2.1/thumb/v7e-m+fp/hard\libc_nano.a(libc_a-memcpy-stub.o)
 .debug_frame   0x0000072c       0x38 C:/ProgramData/MATLAB/SupportPackages/R2024b/3P.instrset/gnuarm-armcortex.instrset/win/bin/../lib/gcc/arm-none-eabi/13.2.1/thumb/v7e-m+fp/hard\libc_nano.a(libc_a-freer.o)

.debug_line_str
                0x00000000      0x1cd
 .debug_line_str
                0x00000000      0x1cd C:/ProgramData/MATLAB/SupportPackages/R2024b/3P.instrset/gnuarm-armcortex.instrset/win/bin/../lib/gcc/arm-none-eabi/13.2.1/thumb/v7e-m+fp/hard\libgcc.a(_arm_addsubdf3.o)
                                 0xce (size before relaxing)
 .debug_line_str
                0x000001cd       0xce C:/ProgramData/MATLAB/SupportPackages/R2024b/3P.instrset/gnuarm-armcortex.instrset/win/bin/../lib/gcc/arm-none-eabi/13.2.1/thumb/v7e-m+fp/hard\libgcc.a(_arm_muldivdf3.o)
 .debug_line_str
                0x000001cd       0xce C:/ProgramData/MATLAB/SupportPackages/R2024b/3P.instrset/gnuarm-armcortex.instrset/win/bin/../lib/gcc/arm-none-eabi/13.2.1/thumb/v7e-m+fp/hard\libgcc.a(_arm_cmpdf2.o)
 .debug_line_str
                0x000001cd       0xce C:/ProgramData/MATLAB/SupportPackages/R2024b/3P.instrset/gnuarm-armcortex.instrset/win/bin/../lib/gcc/arm-none-eabi/13.2.1/thumb/v7e-m+fp/hard\libgcc.a(_arm_unorddf2.o)
 .debug_line_str
                0x000001cd       0xce C:/ProgramData/MATLAB/SupportPackages/R2024b/3P.instrset/gnuarm-armcortex.instrset/win/bin/../lib/gcc/arm-none-eabi/13.2.1/thumb/v7e-m+fp/hard\libgcc.a(_arm_fixdfsi.o)
 .debug_line_str
                0x000001cd       0xce C:/ProgramData/MATLAB/SupportPackages/R2024b/3P.instrset/gnuarm-armcortex.instrset/win/bin/../lib/gcc/arm-none-eabi/13.2.1/thumb/v7e-m+fp/hard\libgcc.a(_arm_fixunsdfsi.o)
 .debug_line_str
                0x000001cd       0xc9 C:/ProgramData/MATLAB/SupportPackages/R2024b/3P.instrset/gnuarm-armcortex.instrset/win/bin/../lib/gcc/arm-none-eabi/13.2.1/thumb/v7e-m+fp/hard\libgcc.a(_aeabi_uldivmod.o)
 .debug_line_str
                0x000001cd       0xcd C:/ProgramData/MATLAB/SupportPackages/R2024b/3P.instrset/gnuarm-armcortex.instrset/win/bin/../lib/gcc/arm-none-eabi/13.2.1/thumb/v7e-m+fp/hard\libgcc.a(_dvmd_tls.o)
 .debug_line_str
                0x000001cd       0xeb C:/ProgramData/MATLAB/SupportPackages/R2024b/3P.instrset/gnuarm-armcortex.instrset/win/bin/../lib/gcc/arm-none-eabi/13.2.1/thumb/v7e-m+fp/hard\libc_nano.a(libc_a-strlen.o)
